
> vite-react-typescript-starter@2.1.3 test
> jest

node.exe : ts-jest[ts-jest-transformer] (WARN) Define 
`ts-jest` config under `globals` is deprecated. Please do
At line:1 char:1
+ & "C:\Program Files\nodejs/node.exe" "C:\Program 
Files\nodejs/node_mo ...
+ ~~~~~~~~~~~~~~~~~~~~~~~~~~~~~~~~~~~~~~~~~~~~~~~~~~~~~~~~~~~~~
~~~~~~~~
    + CategoryInfo          : NotSpecified: (ts-jest[ts-jest.. 
   .ated. Please do:String) [], RemoteException
    + FullyQualifiedErrorId : NativeCommandError
 
transform: {
    <transform_regex>: ['ts-jest', { /* ts-jest config goes 
here in Jest */ }],
},
See more at https://kulshekhar.github.io/ts-jest/docs/getting-s
tarted/presets#advanced
ts-jest[ts-jest-transformer] (WARN) Define `ts-jest` config 
under `globals` is deprecated. Please do
transform: {
    <transform_regex>: ['ts-jest', { /* ts-jest config goes 
here in Jest */ }],
},
See more at https://kulshekhar.github.io/ts-jest/docs/getting-s
tarted/presets#advanced
ts-jest[config] (WARN) 
    The "ts-jest" config option "isolatedModules" is 
deprecated and will be removed in v30.0.0. Please use 
"isolatedModules: true" in D:/Graduation 
project/Smart-Campus-Assistant-v0.8-main/tsconfig.app.json 
instead, see 
https://www.typescriptlang.org/tsconfig/#isolatedModules
  
ts-jest[ts-jest-transformer] (WARN) Define `ts-jest` config 
under `globals` is deprecated. Please do
transform: {
    <transform_regex>: ['ts-jest', { /* ts-jest config goes 
here in Jest */ }],
},
See more at https://kulshekhar.github.io/ts-jest/docs/getting-s
tarted/presets#advanced
ts-jest[ts-jest-transformer] (WARN) Define `ts-jest` config 
under `globals` is deprecated. Please do
transform: {
    <transform_regex>: ['ts-jest', { /* ts-jest config goes 
here in Jest */ }],
},
See more at https://kulshekhar.github.io/ts-jest/docs/getting-s
tarted/presets#advanced
ts-jest[ts-jest-transformer] (WARN) Define `ts-jest` config 
under `globals` is deprecated. Please do
transform: {
    <transform_regex>: ['ts-jest', { /* ts-jest config goes 
here in Jest */ }],
},
See more at https://kulshekhar.github.io/ts-jest/docs/getting-s
tarted/presets#advanced
ts-jest[ts-jest-transformer] (WARN) Define `ts-jest` config 
under `globals` is deprecated. Please do
transform: {
    <transform_regex>: ['ts-jest', { /* ts-jest config goes 
here in Jest */ }],
},
See more at https://kulshekhar.github.io/ts-jest/docs/getting-s
tarted/presets#advanced
ts-jest[config] (WARN) 
    The "ts-jest" config option "isolatedModules" is 
deprecated and will be removed in v30.0.0. Please use 
"isolatedModules: true" in D:/Graduation 
project/Smart-Campus-Assistant-v0.8-main/tsconfig.app.json 
instead, see 
https://www.typescriptlang.org/tsconfig/#isolatedModules
  
ts-jest[config] (WARN) 
    The "ts-jest" config option "isolatedModules" is 
deprecated and will be removed in v30.0.0. Please use 
"isolatedModules: true" in D:/Graduation 
project/Smart-Campus-Assistant-v0.8-main/tsconfig.app.json 
instead, see 
https://www.typescriptlang.org/tsconfig/#isolatedModules
  
ts-jest[ts-jest-transformer] (WARN) Define `ts-jest` config 
under `globals` is deprecated. Please do
transform: {
    <transform_regex>: ['ts-jest', { /* ts-jest config goes 
here in Jest */ }],
},
See more at https://kulshekhar.github.io/ts-jest/docs/getting-s
tarted/presets#advanced
ts-jest[ts-jest-transformer] (WARN) Define `ts-jest` config 
under `globals` is deprecated. Please do
transform: {
    <transform_regex>: ['ts-jest', { /* ts-jest config goes 
here in Jest */ }],
},
See more at https://kulshekhar.github.io/ts-jest/docs/getting-s
tarted/presets#advanced
ts-jest[config] (WARN) 
    The "ts-jest" config option "isolatedModules" is 
deprecated and will be removed in v30.0.0. Please use 
"isolatedModules: true" in D:/Graduation 
project/Smart-Campus-Assistant-v0.8-main/tsconfig.app.json 
instead, see 
https://www.typescriptlang.org/tsconfig/#isolatedModules
  
ts-jest[config] (WARN) 
    The "ts-jest" config option "isolatedModules" is 
deprecated and will be removed in v30.0.0. Please use 
"isolatedModules: true" in D:/Graduation 
project/Smart-Campus-Assistant-v0.8-main/tsconfig.app.json 
instead, see 
https://www.typescriptlang.org/tsconfig/#isolatedModules
  
ts-jest[config] (WARN) 
    The "ts-jest" config option "isolatedModules" is 
deprecated and will be removed in v30.0.0. Please use 
"isolatedModules: true" in D:/Graduation 
project/Smart-Campus-Assistant-v0.8-main/tsconfig.app.json 
instead, see 
https://www.typescriptlang.org/tsconfig/#isolatedModules
  
ts-jest[ts-jest-transformer] (WARN) Define `ts-jest` config 
under `globals` is deprecated. Please do
transform: {
    <transform_regex>: ['ts-jest', { /* ts-jest config goes 
here in Jest */ }],
},
See more at https://kulshekhar.github.io/ts-jest/docs/getting-s
tarted/presets#advanced
ts-jest[ts-jest-transformer] (WARN) Define `ts-jest` config 
under `globals` is deprecated. Please do
transform: {
    <transform_regex>: ['ts-jest', { /* ts-jest config goes 
here in Jest */ }],
},
See more at https://kulshekhar.github.io/ts-jest/docs/getting-s
tarted/presets#advanced
ts-jest[ts-jest-transformer] (WARN) Define `ts-jest` config 
under `globals` is deprecated. Please do
transform: {
    <transform_regex>: ['ts-jest', { /* ts-jest config goes 
here in Jest */ }],
},
See more at https://kulshekhar.github.io/ts-jest/docs/getting-s
tarted/presets#advanced
ts-jest[ts-jest-transformer] (WARN) Define `ts-jest` config 
under `globals` is deprecated. Please do
transform: {
    <transform_regex>: ['ts-jest', { /* ts-jest config goes 
here in Jest */ }],
},
See more at https://kulshekhar.github.io/ts-jest/docs/getting-s
tarted/presets#advanced
ts-jest[config] (WARN) 
    The "ts-jest" config option "isolatedModules" is 
deprecated and will be removed in v30.0.0. Please use 
"isolatedModules: true" in D:/Graduation 
project/Smart-Campus-Assistant-v0.8-main/tsconfig.app.json 
instead, see 
https://www.typescriptlang.org/tsconfig/#isolatedModules
  
ts-jest[config] (WARN) 
    The "ts-jest" config option "isolatedModules" is 
deprecated and will be removed in v30.0.0. Please use 
"isolatedModules: true" in D:/Graduation 
project/Smart-Campus-Assistant-v0.8-main/tsconfig.app.json 
instead, see 
https://www.typescriptlang.org/tsconfig/#isolatedModules
  
ts-jest[config] (WARN) 
    The "ts-jest" config option "isolatedModules" is 
deprecated and will be removed in v30.0.0. Please use 
"isolatedModules: true" in D:/Graduation 
project/Smart-Campus-Assistant-v0.8-main/tsconfig.app.json 
instead, see 
https://www.typescriptlang.org/tsconfig/#isolatedModules
  
ts-jest[config] (WARN) 
    The "ts-jest" config option "isolatedModules" is 
deprecated and will be removed in v30.0.0. Please use 
"isolatedModules: true" in D:/Graduation 
project/Smart-Campus-Assistant-v0.8-main/tsconfig.app.json 
instead, see 
https://www.typescriptlang.org/tsconfig/#isolatedModules
  
ts-jest[config] (WARN) 
    The "ts-jest" config option "isolatedModules" is 
deprecated and will be removed in v30.0.0. Please use 
"isolatedModules: true" in D:/Graduation 
project/Smart-Campus-Assistant-v0.8-main/tsconfig.app.json 
instead, see 
https://www.typescriptlang.org/tsconfig/#isolatedModules
  
ts-jest[config] (WARN) 
    The "ts-jest" config option "isolatedModules" is 
deprecated and will be removed in v30.0.0. Please use 
"isolatedModules: true" in D:/Graduation 
project/Smart-Campus-Assistant-v0.8-main/tsconfig.app.json 
instead, see 
https://www.typescriptlang.org/tsconfig/#isolatedModules
  
FAIL tests/integration/api.endpoints.test.ts
  鈼?Test suite failed to run

    Cannot find module 'vitest' from 
'tests/integration/api.endpoints.test.ts'

    [0m[31m[1m>[22m[39m[90m 1 |[39m [36mimport[39m { 
describe[33m,[39m it[33m,[39m expect[33m,[39m 
beforeEach[33m,[39m afterEach[33m,[39m vi } [36mfrom[39m 
[32m'vitest'[39m[33m;[39m
     [90m   |[39m [31m[1m^[22m[39m
     [90m 2 |[39m [36mimport[39m request [36mfrom[39m 
[32m'supertest'[39m[33m;[39m
     [90m 3 |[39m [36mimport[39m { app } [36mfrom[39m 
[32m'../../src/app'[39m[33m;[39m
     [90m 4 |[39m [36mimport[39m { [33mPrismaClient[39m 
} [36mfrom[39m [32m'@prisma/client'[39m[33m;[39m[0m

      at Resolver._throwModNotFoundError 
(node_modules/jest-resolve/build/resolver.js:427:11)
      at Object.<anonymous> 
(tests/integration/api.endpoints.test.ts:1:1)

FAIL tests/attendance/fraud.detection.test.ts
  鈼?Test suite failed to run

    Cannot find module 'vitest' from 
'tests/attendance/fraud.detection.test.ts'

    [0m[31m[1m>[22m[39m[90m 1 |[39m [36mimport[39m { 
describe[33m,[39m it[33m,[39m expect[33m,[39m 
beforeEach[33m,[39m afterEach[33m,[39m vi } [36mfrom[39m 
[32m'vitest'[39m[33m;[39m
     [90m   |[39m [31m[1m^[22m[39m
     [90m 2 |[39m [36mimport[39m { 
[33mFraudDetectionService[39m } [36mfrom[39m [32m'../../sr
c/services/security/fraud-detection.service'[39m[33m;[39m
     [90m 3 |[39m [36mimport[39m { 
[33mFraudDetectionResult[39m[33m,[39m 
[33mFraudDetectionOptions[39m } [36mfrom[39m 
[32m'../../src/services/security/types'[39m[33m;[39m
     [90m 4 |[39m[0m

      at Resolver._throwModNotFoundError 
(node_modules/jest-resolve/build/resolver.js:427:11)
      at Object.<anonymous> 
(tests/attendance/fraud.detection.test.ts:1:1)

FAIL tests/attendance/device.fingerprinting.test.ts
  鈼?Test suite failed to run

    Cannot find module 'vitest' from 
'tests/attendance/device.fingerprinting.test.ts'

    [0m[31m[1m>[22m[39m[90m 1 |[39m [36mimport[39m { 
describe[33m,[39m it[33m,[39m expect[33m,[39m 
beforeEach[33m,[39m afterEach[33m,[39m vi } [36mfrom[39m 
[32m'vitest'[39m[33m;[39m
     [90m   |[39m [31m[1m^[22m[39m
     [90m 2 |[39m [36mimport[39m { 
[33mDeviceFingerprintService[39m } [36mfrom[39m [32m'../..
/src/services/security/device-fingerprint.service'[39m[33m;[
39m
     [90m 3 |[39m [36mimport[39m { 
[33mDeviceFingerprintData[39m[33m,[39m 
[33mDeviceFingerprintOptions[39m } [36mfrom[39m 
[32m'../../src/services/security/types'[39m[33m;[39m
     [90m 4 |[39m[0m

      at Resolver._throwModNotFoundError 
(node_modules/jest-resolve/build/resolver.js:427:11)
      at Object.<anonymous> 
(tests/attendance/device.fingerprinting.test.ts:1:1)

PASS tests/time.utils.test.ts
  time utils
    鈭?parses HH:MM correctly (7 ms)
    鈭?formats to 12h (1 ms)
    鈭?computes duration label
    鈭?validates ranges (1 ms)

FAIL tests/attendance/location.validation.test.ts
  鈼?Test suite failed to run

    Cannot find module 'vitest' from 
'tests/attendance/location.validation.test.ts'

    [0m[31m[1m>[22m[39m[90m 1 |[39m [36mimport[39m { 
describe[33m,[39m it[33m,[39m expect[33m,[39m 
beforeEach[33m,[39m afterEach[33m,[39m vi } [36mfrom[39m 
[32m'vitest'[39m[33m;[39m
     [90m   |[39m [31m[1m^[22m[39m
     [90m 2 |[39m [36mimport[39m { 
[33mLocationService[39m } [36mfrom[39m [32m'../../src/serv
ices/security/location.service'[39m[33m;[39m
     [90m 3 |[39m [36mimport[39m { 
[33mLocationData[39m[33m,[39m 
[33mLocationValidationOptions[39m } [36mfrom[39m 
[32m'../../src/services/security/types'[39m[33m;[39m
     [90m 4 |[39m[0m

      at Resolver._throwModNotFoundError 
(node_modules/jest-resolve/build/resolver.js:427:11)
      at Object.<anonymous> 
(tests/attendance/location.validation.test.ts:1:1)

FAIL tests/chatbot.test.ts
  鈼?Test suite failed to run

    Jest encountered an unexpected token

    Jest failed to parse a file. This happens e.g. when your 
code or its dependencies use non-standard JavaScript syntax, 
or when Jest is not configured to support such syntax.

    Out of the box Jest supports Babel, which will be used to 
transform your files into valid JS based on your Babel 
configuration.

    By default "node_modules" folder is ignored by 
transformers.

    Here's what you can do:
     鈥?If you are trying to use ECMAScript Modules, see 
https://jestjs.io/docs/ecmascript-modules for how to enable it.
     鈥?If you are trying to use TypeScript, see 
https://jestjs.io/docs/getting-started#using-typescript
     鈥?To have some of your "node_modules" files transformed, 
you can specify a custom "transformIgnorePatterns" in your 
config.
     鈥?If you need a custom transformation specify a 
"transform" option in your config.
     鈥?If you simply want to mock your non-JS modules (e.g. 
binary assets) you can stub them out with the 
"moduleNameMapper" config option.

    You'll find more details and examples of these config 
options in the docs:
    https://jestjs.io/docs/configuration
    For information about custom transformations, see:
    https://jestjs.io/docs/code-transformation

    Details:

    D:\Graduation project\Smart-Campus-Assistant-v0.8-main\src\
services\knowledgeBase.service.ts:10
    const __filename = (0, 
url_1.fileURLToPath)(import.meta.url);
          ^

    SyntaxError: Identifier '__filename' has already been 
declared

    [0m [90m  9 |[39m [36mimport[39m { 
[33mPrismaClient[39m } [36mfrom[39m 
[32m'../generated/prisma/index.js'[39m[33m;[39m
     [90m 10 |[39m [36mimport[39m { [33mAIService[39m } 
[36mfrom[39m [32m'./ai.service'[39m[33m;[39m
    [31m[1m>[22m[39m[90m 11 |[39m [36mimport[39m { 
[33mKnowledgeBaseService[39m } [36mfrom[39m 
[32m'./knowledgeBase.service'[39m[33m;[39m
     [90m    |[39m [31m[1m^[22m[39m
     [90m 12 |[39m [36mimport[39m { 
[33mChatAnalyticsService[39m } [36mfrom[39m 
[32m'./chatAnalytics.service'[39m[33m;[39m
     [90m 13 |[39m
     [90m 14 |[39m [36mexport[39m [36mclass[39m 
[33mChatbotService[39m {[0m

      at Runtime.createScriptFromCode 
(node_modules/jest-runtime/build/index.js:1505:14)
      at Object.<anonymous> 
(src/services/chatbot.service.ts:11:1)
      at Object.<anonymous> 
(src/controllers/chatbot.controller.ts:2:1)
      at Object.<anonymous> (tests/chatbot.test.ts:2:1)

FAIL tests/validation.test.ts
  鈼?Test suite failed to run

    ReferenceError: TextEncoder is not defined

    [0m[31m[1m>[22m[39m[90m 1 |[39m [36mimport[39m 
request [36mfrom[39m [32m'supertest'[39m[33m;[39m
     [90m   |[39m [31m[1m^[22m[39m
     [90m 2 |[39m
     [90m 3 |[39m [90m// Mock the chat router to avoid 
import errors with ES modules in Jest[39m
     [90m 4 |[39m jest[33m.[39mmock([32m'../server/api/cha
t.js'[39m[33m,[39m () [33m=>[39m ({[0m

      at utf8ToBytes 
(node_modules/@noble/hashes/src/utils.ts:217:29)
      at toBytes 
(node_modules/@noble/hashes/src/utils.ts:236:40)
      at hashC (node_modules/@noble/hashes/src/utils.ts:342:63)
      at hash 
(node_modules/@paralleldrive/cuid2/src/index.js:34:22)
      at createFingerprint 
(node_modules/@paralleldrive/cuid2/src/index.js:63:10)
      at init 
(node_modules/@paralleldrive/cuid2/src/index.js:81:17)
      at Object.<anonymous> 
(node_modules/@paralleldrive/cuid2/src/index.js:101:18)
      at Object.<anonymous> 
(node_modules/@paralleldrive/cuid2/index.js:1:152)
      at Object.<anonymous> 
(node_modules/formidable/dist/index.cjs:8:13)
      at Object.require 
(node_modules/superagent/src/node/index.js:16:20)
      at Object.<anonymous> 
(node_modules/supertest/lib/test.js:12:21)
      at Object.<anonymous> 
(node_modules/supertest/index.js:13:14)
      at Object.<anonymous> (tests/validation.test.ts:1:1)

FAIL tests/attendance.test.ts
  鈼?Test suite failed to run

    Jest encountered an unexpected token

    Jest failed to parse a file. This happens e.g. when your 
code or its dependencies use non-standard JavaScript syntax, 
or when Jest is not configured to support such syntax.

    Out of the box Jest supports Babel, which will be used to 
transform your files into valid JS based on your Babel 
configuration.

    By default "node_modules" folder is ignored by 
transformers.

    Here's what you can do:
     鈥?If you are trying to use ECMAScript Modules, see 
https://jestjs.io/docs/ecmascript-modules for how to enable it.
     鈥?If you are trying to use TypeScript, see 
https://jestjs.io/docs/getting-started#using-typescript
     鈥?To have some of your "node_modules" files transformed, 
you can specify a custom "transformIgnorePatterns" in your 
config.
     鈥?If you need a custom transformation specify a 
"transform" option in your config.
     鈥?If you simply want to mock your non-JS modules (e.g. 
binary assets) you can stub them out with the 
"moduleNameMapper" config option.

    You'll find more details and examples of these config 
options in the docs:
    https://jestjs.io/docs/configuration
    For information about custom transformations, see:
    https://jestjs.io/docs/code-transformation

    Details:

    D:\Graduation project\Smart-Campus-Assistant-v0.8-main\src\
services\websocket.service.ts:50
            const viteUrl = (typeof import.meta !== 
'undefined' && import.meta.env && 
import.meta.env.VITE_WEBSOCKET_URL) || '';
                                           ^^^^

    SyntaxError: Cannot use 'import.meta' outside a module

    [0m[31m[1m>[22m[39m[90m 1 |[39m [36mimport[39m { 
getWebSocketService } [36mfrom[39m 
[32m'./websocket.service'[39m[33m;[39m
     [90m   |[39m [31m[1m^[22m[39m
     [90m 2 |[39m [36mimport[39m { apiClient } 
[36mfrom[39m [32m'./api'[39m[33m;[39m
     [90m 3 |[39m
     [90m 4 |[39m [90m// Get WebSocket service 
instance[39m[0m

      at Runtime.createScriptFromCode 
(node_modules/jest-runtime/build/index.js:1505:14)
      at Object.<anonymous> 
(src/services/attendance.service.ts:1:1)
      at Object.<anonymous> (tests/attendance.test.ts:3:1)

  console.error
    Error getting courses: TypeError: Cannot destructure property 'professorId' of 'req.query' as it is undefined.
        at Function.getAllCourses (D:\Graduation project\Smart-Campus-Assistant-v0.8-main\src\controllers\course.controller.ts:63:15)
        at Object.<anonymous> (D:\Graduation project\Smart-Campus-Assistant-v0.8-main\tests\course.test.ts:129:30)
        at Promise.then.completed (D:\Graduation project\Smart-Campus-Assistant-v0.8-main\node_modules\jest-circus\build\utils.js:298:28)
        at new Promise (<anonymous>)
        at callAsyncCircusFn (D:\Graduation project\Smart-Campus-Assistant-v0.8-main\node_modules\jest-circus\build\utils.js:231:10)
        at _callCircusTest (D:\Graduation project\Smart-Campus-Assistant-v0.8-main\node_modules\jest-circus\build\run.js:316:40)
        at processTicksAndRejections (node:internal/process/task_queues:105:5)
        at _runTest (D:\Graduation project\Smart-Campus-Assistant-v0.8-main\node_modules\jest-circus\build\run.js:252:3)
        at _runTestsForDescribeBlock (D:\Graduation project\Smart-Campus-Assistant-v0.8-main\node_modules\jest-circus\build\run.js:126:9)
        at _runTestsForDescribeBlock (D:\Graduation project\Smart-Campus-Assistant-v0.8-main\node_modules\jest-circus\build\run.js:121:9)
        at _runTestsForDescribeBlock (D:\Graduation project\Smart-Campus-Assistant-v0.8-main\node_modules\jest-circus\build\run.js:121:9)
        at run (D:\Graduation project\Smart-Campus-Assistant-v0.8-main\node_modules\jest-circus\build\run.js:71:3)
        at runAndTransformResultsToJestFormat (D:\Graduation project\Smart-Campus-Assistant-v0.8-main\node_modules\jest-circus\build\legacy-code-todo-rewrite\jestAdapterInit.js:122:21)
        at jestAdapter (D:\Graduation project\Smart-Campus-Assistant-v0.8-main\node_modules\jest-circus\build\legacy-code-todo-rewrite\jestAdapter.js:79:19)
        at runTestInternal (D:\Graduation project\Smart-Campus-Assistant-v0.8-main\node_modules\jest-runner\build\runTest.js:367:16)
        at runTest (D:\Graduation project\Smart-Campus-Assistant-v0.8-main\node_modules\jest-runner\build\runTest.js:444:34)
        at Object.worker (D:\Graduation project\Smart-Campus-Assistant-v0.8-main\node_modules\jest-runner\build\testWorker.js:106:12)

    [0m [90m  6 |[39m   [36mif[39m (args [33m&&[39m args[33m.[39mlength [33m>[39m [35m0[39m [33m&&[39m [36mtypeof[39m args[[35m0[39m] [33m===[39m [32m'string'[39m [33m&&[39m [35m/(act\(|Warning:)/[39m[33m.[39mtest(args[[35m0[39m])) [36mreturn[39m[33m;[39m
     [90m  7 |[39m   [90m// @ts-ignore - preserve original signature[39m
    [31m[1m>[22m[39m[90m  8 |[39m   origError([33m...[39margs)[33m;[39m
     [90m    |[39m   [31m[1m^[22m[39m
     [90m  9 |[39m }[33m;[39m
     [90m 10 |[39m
     [90m 11 |[39m[0m

      at console.Object.<anonymous>.console.error (tests/jest.setup.ts:8:3)
      at Function.getAllCourses (src/controllers/course.controller.ts:76:15)
      at Object.<anonymous> (tests/course.test.ts:129:30)

PASS tests/user.test.ts
  UserController
    getProfile
      鈭?should get user profile successfully (8 ms)
      鈭?should handle missing user
      鈭?should handle profile not found (1 ms)
    updateProfile
      鈭?should update profile successfully (1 ms)
    changePassword
      鈭?should change password successfully
    uploadAvatar
      鈭?should upload avatar successfully
      鈭?should handle missing file
    deleteAvatar
      鈭?should delete avatar successfully (1 ms)
    getUserById
      鈭?should get user by ID successfully (admin) (1 ms)
      鈭?should allow user to access their own profile
      鈭?should deny access to other users profile
    searchUsers
      鈭?should search users successfully (admin only) (1 ms)
      鈭?should deny access to non-admin users
    getAllUsers
      鈭?should get all users successfully (admin only)
    getUserStats
      鈭?should get user statistics successfully (admin only)
    deactivateUser
      鈭?should deactivate user successfully (admin only)
    activateUser
      鈭?should activate user successfully (admin only) (1 ms)
    deleteUser
      鈭?should delete user successfully (admin only)
      鈭?should prevent admin from deleting themselves (1 ms)
    healthCheck
      鈭?should return health status

FAIL tests/course.test.ts
  CourseController
    createCourse
      脳 should create a course successfully (7 ms)
      脳 should handle missing required fields (3 ms)
      脳 should handle service errors (1 ms)
    getAllCourses
      脳 should get all courses successfully (39 ms)
      鈭?should get courses with filters
    getCourseById
      鈭?should get course by ID successfully (1 ms)
      鈭?should handle invalid course ID
      鈭?should handle course not found
    updateCourse
      鈭?should update course successfully (1 ms)
      鈭?should handle invalid course ID
    deleteCourse
      鈭?should delete course successfully (1 ms)
    enrollStudent
      鈭?should enroll student successfully
      鈭?should handle missing student ID (1 ms)
      鈭?should handle invalid course ID
    getEnrolledStudents
      鈭?should get enrolled students successfully
    getStudentCourses
      鈭?should get student courses successfully
      鈭?should handle invalid student ID
    dropStudent
      鈭?should drop student successfully (1 ms)
      鈭?should handle invalid IDs
    getCourseStats
      鈭?should get course statistics successfully
      鈭?should handle invalid course ID (1 ms)

  鈼?CourseController 鈥?createCourse 鈥?should create a course 
successfully

    expect(jest.fn()).toHaveBeenCalledWith(...expected)

    Expected: {"courseCode": "CS101", "courseName": 
"Introduction to Computer Science", "credits": 3, 
"description": "Basic computer science concepts", 
"professorId": 1}

    Number of calls: 0

    [0m [90m 45 |[39m       [36mawait[39m 
[33mCourseController[39m[33m.[39mcreateCourse(mockRequest 
[36mas[39m [33mRequest[39m[33m,[39m mockResponse 
[36mas[39m [33mResponse[39m)[33m;[39m
     [90m 46 |[39m
    [31m[1m>[22m[39m[90m 47 |[39m       expect([33mMocke
dCourseService[39m[33m.[39mcreateCourse)[33m.[39mtoHaveBee
nCalledWith({
     [90m    |[39m                                           
     [31m[1m^[22m[39m
     [90m 48 |[39m         courseCode[33m:[39m 
courseData[33m.[39mcourseCode[33m,[39m
     [90m 49 |[39m         courseName[33m:[39m 
courseData[33m.[39mcourseName[33m,[39m
     [90m 50 |[39m         description[33m:[39m 
courseData[33m.[39mdescription[33m,[39m[0m

      at Object.<anonymous> (tests/course.test.ts:47:48)

  鈼?CourseController 鈥?createCourse 鈥?should handle missing 
required fields

    expect(jest.fn()).toHaveBeenCalledWith(...expected)

    - Expected
    + Received

      Object {
    -   "message": "Course code, course name, and professor ID 
are required",
    +   "message": "Course code and course name are required",
        "success": false,
      },

    Number of calls: 1

    [0m [90m 73 |[39m
     [90m 74 |[39m       expect(mockResponse[33m.[39mstatus
)[33m.[39mtoHaveBeenCalledWith([35m400[39m)[33m;[39m
    [31m[1m>[22m[39m[90m 75 |[39m       expect(mockRespon
se[33m.[39mjson)[33m.[39mtoHaveBeenCalledWith({
     [90m    |[39m                                 
[31m[1m^[22m[39m
     [90m 76 |[39m         success[33m:[39m 
[36mfalse[39m[33m,[39m
     [90m 77 |[39m         message[33m:[39m [32m'Course 
code, course name, and professor ID are required'[39m
     [90m 78 |[39m       })[33m;[39m[0m

      at Object.<anonymous> (tests/course.test.ts:75:33)

  鈼?CourseController 鈥?createCourse 鈥?should handle service 
errors

    expect(jest.fn()).toHaveBeenCalledWith(...expected)

    Expected: 500
    Received: 401

    Number of calls: 1

    [0m [90m 94 |[39m       [36mawait[39m 
[33mCourseController[39m[33m.[39mcreateCourse(mockRequest 
[36mas[39m [33mRequest[39m[33m,[39m mockResponse 
[36mas[39m [33mResponse[39m)[33m;[39m
     [90m 95 |[39m
    [31m[1m>[22m[39m[90m 96 |[39m       expect(mockRespon
se[33m.[39mstatus)[33m.[39mtoHaveBeenCalledWith([35m500[3
9m)[33m;[39m
     [90m    |[39m                                   
[31m[1m^[22m[39m
     [90m 97 |[39m       expect(mockResponse[33m.[39mjson)
[33m.[39mtoHaveBeenCalledWith({
     [90m 98 |[39m         success[33m:[39m 
[36mfalse[39m[33m,[39m
     [90m 99 |[39m         message[33m:[39m 
[32m'Professor not found'[39m[0m

      at Object.<anonymous> (tests/course.test.ts:96:35)

  鈼?CourseController 鈥?getAllCourses 鈥?should get all courses 
successfully

    expect(jest.fn()).toHaveBeenCalledWith(...expected)

    Expected: undefined, undefined

    Number of calls: 0

    [0m [90m 129 |[39m       [36mawait[39m 
[33mCourseController[39m[33m.[39mgetAllCourses(mockRequest 
[36mas[39m [33mRequest[39m[33m,[39m mockResponse 
[36mas[39m [33mResponse[39m)[33m;[39m
     [90m 130 |[39m
    [31m[1m>[22m[39m[90m 131 |[39m       expect([33mMock
edCourseService[39m[33m.[39mgetAllCourses)[33m.[39mtoHaveB
eenCalledWith(undefined[33m,[39m undefined)[33m;[39m
     [90m     |[39m                                          
       [31m[1m^[22m[39m
     [90m 132 |[39m       expect(mockResponse[33m.[39mstatu
s)[33m.[39mtoHaveBeenCalledWith([35m200[39m)[33m;[39m
     [90m 133 |[39m       expect(mockResponse[33m.[39mjson)
[33m.[39mtoHaveBeenCalledWith({
     [90m 134 |[39m         success[33m:[39m 
[36mtrue[39m[33m,[39m[0m

      at Object.<anonymous> (tests/course.test.ts:131:49)

  console.error
    Error getting user notifications: TypeError: Cannot read properties of undefined (reading 'getUserNotifications')
        at Function.getUserNotifications (D:\Graduation project\Smart-Campus-Assistant-v0.8-main\src\controllers\notification.controller.ts:53:55)
        at Object.<anonymous> (D:\Graduation project\Smart-Campus-Assistant-v0.8-main\tests\notification.test.ts:53:36)
        at Promise.then.completed (D:\Graduation project\Smart-Campus-Assistant-v0.8-main\node_modules\jest-circus\build\utils.js:298:28)
        at new Promise (<anonymous>)
        at callAsyncCircusFn (D:\Graduation project\Smart-Campus-Assistant-v0.8-main\node_modules\jest-circus\build\utils.js:231:10)
        at _callCircusTest (D:\Graduation project\Smart-Campus-Assistant-v0.8-main\node_modules\jest-circus\build\run.js:316:40)
        at processTicksAndRejections (node:internal/process/task_queues:105:5)
        at _runTest (D:\Graduation project\Smart-Campus-Assistant-v0.8-main\node_modules\jest-circus\build\run.js:252:3)
        at _runTestsForDescribeBlock (D:\Graduation project\Smart-Campus-Assistant-v0.8-main\node_modules\jest-circus\build\run.js:126:9)
        at _runTestsForDescribeBlock (D:\Graduation project\Smart-Campus-Assistant-v0.8-main\node_modules\jest-circus\build\run.js:121:9)
        at _runTestsForDescribeBlock (D:\Graduation project\Smart-Campus-Assistant-v0.8-main\node_modules\jest-circus\build\run.js:121:9)
        at run (D:\Graduation project\Smart-Campus-Assistant-v0.8-main\node_modules\jest-circus\build\run.js:71:3)
        at runAndTransformResultsToJestFormat (D:\Graduation project\Smart-Campus-Assistant-v0.8-main\node_modules\jest-circus\build\legacy-code-todo-rewrite\jestAdapterInit.js:122:21)
        at jestAdapter (D:\Graduation project\Smart-Campus-Assistant-v0.8-main\node_modules\jest-circus\build\legacy-code-todo-rewrite\jestAdapter.js:79:19)
        at runTestInternal (D:\Graduation project\Smart-Campus-Assistant-v0.8-main\node_modules\jest-runner\build\runTest.js:367:16)
        at runTest (D:\Graduation project\Smart-Campus-Assistant-v0.8-main\node_modules\jest-runner\build\runTest.js:444:34)
        at Object.worker (D:\Graduation project\Smart-Campus-Assistant-v0.8-main\node_modules\jest-runner\build\testWorker.js:106:12)

    [0m [90m  6 |[39m   [36mif[39m (args [33m&&[39m args[33m.[39mlength [33m>[39m [35m0[39m [33m&&[39m [36mtypeof[39m args[[35m0[39m] [33m===[39m [32m'string'[39m [33m&&[39m [35m/(act\(|Warning:)/[39m[33m.[39mtest(args[[35m0[39m])) [36mreturn[39m[33m;[39m
     [90m  7 |[39m   [90m// @ts-ignore - preserve original signature[39m
    [31m[1m>[22m[39m[90m  8 |[39m   origError([33m...[39margs)[33m;[39m
     [90m    |[39m   [31m[1m^[22m[39m
     [90m  9 |[39m }[33m;[39m
     [90m 10 |[39m
     [90m 11 |[39m[0m

      at console.Object.<anonymous>.console.error (tests/jest.setup.ts:8:3)
      at Function.getUserNotifications (src/controllers/notification.controller.ts:65:15)
      at Object.<anonymous> (tests/notification.test.ts:53:36)

  console.error
    Error creating notification: TypeError: Cannot read properties of undefined (reading 'createNotification')
        at Function.createNotification (D:\Graduation project\Smart-Campus-Assistant-v0.8-main\src\controllers\notification.controller.ts:107:54)
        at Object.<anonymous> (D:\Graduation project\Smart-Campus-Assistant-v0.8-main\tests\notification.test.ts:90:36)
        at Promise.then.completed (D:\Graduation project\Smart-Campus-Assistant-v0.8-main\node_modules\jest-circus\build\utils.js:298:28)
        at new Promise (<anonymous>)
        at callAsyncCircusFn (D:\Graduation project\Smart-Campus-Assistant-v0.8-main\node_modules\jest-circus\build\utils.js:231:10)
        at _callCircusTest (D:\Graduation project\Smart-Campus-Assistant-v0.8-main\node_modules\jest-circus\build\run.js:316:40)
        at processTicksAndRejections (node:internal/process/task_queues:105:5)
        at _runTest (D:\Graduation project\Smart-Campus-Assistant-v0.8-main\node_modules\jest-circus\build\run.js:252:3)
        at _runTestsForDescribeBlock (D:\Graduation project\Smart-Campus-Assistant-v0.8-main\node_modules\jest-circus\build\run.js:126:9)
        at _runTestsForDescribeBlock (D:\Graduation project\Smart-Campus-Assistant-v0.8-main\node_modules\jest-circus\build\run.js:121:9)
        at _runTestsForDescribeBlock (D:\Graduation project\Smart-Campus-Assistant-v0.8-main\node_modules\jest-circus\build\run.js:121:9)
        at run (D:\Graduation project\Smart-Campus-Assistant-v0.8-main\node_modules\jest-circus\build\run.js:71:3)
        at runAndTransformResultsToJestFormat (D:\Graduation project\Smart-Campus-Assistant-v0.8-main\node_modules\jest-circus\build\legacy-code-todo-rewrite\jestAdapterInit.js:122:21)
        at jestAdapter (D:\Graduation project\Smart-Campus-Assistant-v0.8-main\node_modules\jest-circus\build\legacy-code-todo-rewrite\jestAdapter.js:79:19)
        at runTestInternal (D:\Graduation project\Smart-Campus-Assistant-v0.8-main\node_modules\jest-runner\build\runTest.js:367:16)
        at runTest (D:\Graduation project\Smart-Campus-Assistant-v0.8-main\node_modules\jest-runner\build\runTest.js:444:34)
        at Object.worker (D:\Graduation project\Smart-Campus-Assistant-v0.8-main\node_modules\jest-runner\build\testWorker.js:106:12)

    [0m [90m  6 |[39m   [36mif[39m (args [33m&&[39m args[33m.[39mlength [33m>[39m [35m0[39m [33m&&[39m [36mtypeof[39m args[[35m0[39m] [33m===[39m [32m'string'[39m [33m&&[39m [35m/(act\(|Warning:)/[39m[33m.[39mtest(args[[35m0[39m])) [36mreturn[39m[33m;[39m
     [90m  7 |[39m   [90m// @ts-ignore - preserve original signature[39m
    [31m[1m>[22m[39m[90m  8 |[39m   origError([33m...[39margs)[33m;[39m
     [90m    |[39m   [31m[1m^[22m[39m
     [90m  9 |[39m }[33m;[39m
     [90m 10 |[39m
     [90m 11 |[39m[0m

      at console.Object.<anonymous>.console.error (tests/jest.setup.ts:8:3)
      at Function.createNotification (src/controllers/notification.controller.ts:115:15)
      at Object.<anonymous> (tests/notification.test.ts:90:36)

D:\Graduation 
project\Smart-Campus-Assistant-v0.8-main\tests\auth.test.ts:66
            const error = new Error('Email already exists');
                          ^

Error: Email already exists
    at Object.<anonymous> (D:\Graduation project\Smart-Campus-A
ssistant-v0.8-main\tests\auth.test.ts:72:21)
    at Promise.then.completed (D:\Graduation project\Smart-Camp
us-Assistant-v0.8-main\node_modules\jest-circus\build\utils.js:
298:28)
    at new Promise (<anonymous>)
    at callAsyncCircusFn (D:\Graduation project\Smart-Campus-As
sistant-v0.8-main\node_modules\jest-circus\build\utils.js:231:1
0)
    at _callCircusTest (D:\Graduation project\Smart-Campus-Assi
stant-v0.8-main\node_modules\jest-circus\build\run.js:316:40)
    at processTicksAndRejections 
(node:internal/process/task_queues:105:5)
    at _runTest (D:\Graduation project\Smart-Campus-Assistant-v
0.8-main\node_modules\jest-circus\build\run.js:252:3)
    at _runTestsForDescribeBlock (D:\Graduation project\Smart-C
ampus-Assistant-v0.8-main\node_modules\jest-circus\build\run.js
:126:9)
    at _runTestsForDescribeBlock (D:\Graduation project\Smart-C
ampus-Assistant-v0.8-main\node_modules\jest-circus\build\run.js
:121:9)
    at _runTestsForDescribeBlock (D:\Graduation project\Smart-C
ampus-Assistant-v0.8-main\node_modules\jest-circus\build\run.js
:121:9)
    at run (D:\Graduation project\Smart-Campus-Assistant-v0.8-m
ain\node_modules\jest-circus\build\run.js:71:3)
    at runAndTransformResultsToJestFormat (D:\Graduation projec
t\Smart-Campus-Assistant-v0.8-main\node_modules\jest-circus\bui
ld\legacy-code-todo-rewrite\jestAdapterInit.js:122:21)
    at jestAdapter (D:\Graduation project\Smart-Campus-Assistan
t-v0.8-main\node_modules\jest-circus\build\legacy-code-todo-rew
rite\jestAdapter.js:79:19)
    at runTestInternal (D:\Graduation project\Smart-Campus-Assi
stant-v0.8-main\node_modules\jest-runner\build\runTest.js:367:1
6)
    at runTest (D:\Graduation project\Smart-Campus-Assistant-v0
.8-main\node_modules\jest-runner\build\runTest.js:444:34)
    at Object.worker (D:\Graduation project\Smart-Campus-Assist
ant-v0.8-main\node_modules\jest-runner\build\testWorker.js:106:
12)

Node.js v22.18.0
  console.error
    Error creating bulk notifications: TypeError: Cannot read properties of undefined (reading 'createBulkNotifications')
        at Function.createBulkNotifications (D:\Graduation project\Smart-Campus-Assistant-v0.8-main\src\controllers\notification.controller.ts:157:55)
        at Object.<anonymous> (D:\Graduation project\Smart-Campus-Assistant-v0.8-main\tests\notification.test.ts:139:36)
        at Promise.then.completed (D:\Graduation project\Smart-Campus-Assistant-v0.8-main\node_modules\jest-circus\build\utils.js:298:28)
        at new Promise (<anonymous>)
        at callAsyncCircusFn (D:\Graduation project\Smart-Campus-Assistant-v0.8-main\node_modules\jest-circus\build\utils.js:231:10)
        at _callCircusTest (D:\Graduation project\Smart-Campus-Assistant-v0.8-main\node_modules\jest-circus\build\run.js:316:40)
        at processTicksAndRejections (node:internal/process/task_queues:105:5)
        at _runTest (D:\Graduation project\Smart-Campus-Assistant-v0.8-main\node_modules\jest-circus\build\run.js:252:3)
        at _runTestsForDescribeBlock (D:\Graduation project\Smart-Campus-Assistant-v0.8-main\node_modules\jest-circus\build\run.js:126:9)
        at _runTestsForDescribeBlock (D:\Graduation project\Smart-Campus-Assistant-v0.8-main\node_modules\jest-circus\build\run.js:121:9)
        at _runTestsForDescribeBlock (D:\Graduation project\Smart-Campus-Assistant-v0.8-main\node_modules\jest-circus\build\run.js:121:9)
        at run (D:\Graduation project\Smart-Campus-Assistant-v0.8-main\node_modules\jest-circus\build\run.js:71:3)
        at runAndTransformResultsToJestFormat (D:\Graduation project\Smart-Campus-Assistant-v0.8-main\node_modules\jest-circus\build\legacy-code-todo-rewrite\jestAdapterInit.js:122:21)
        at jestAdapter (D:\Graduation project\Smart-Campus-Assistant-v0.8-main\node_modules\jest-circus\build\legacy-code-todo-rewrite\jestAdapter.js:79:19)
        at runTestInternal (D:\Graduation project\Smart-Campus-Assistant-v0.8-main\node_modules\jest-runner\build\runTest.js:367:16)
        at runTest (D:\Graduation project\Smart-Campus-Assistant-v0.8-main\node_modules\jest-runner\build\runTest.js:444:34)
        at Object.worker (D:\Graduation project\Smart-Campus-Assistant-v0.8-main\node_modules\jest-runner\build\testWorker.js:106:12)

    [0m [90m  6 |[39m   [36mif[39m (args [33m&&[39m args[33m.[39mlength [33m>[39m [35m0[39m [33m&&[39m [36mtypeof[39m args[[35m0[39m] [33m===[39m [32m'string'[39m [33m&&[39m [35m/(act\(|Warning:)/[39m[33m.[39mtest(args[[35m0[39m])) [36mreturn[39m[33m;[39m
     [90m  7 |[39m   [90m// @ts-ignore - preserve original signature[39m
    [31m[1m>[22m[39m[90m  8 |[39m   origError([33m...[39margs)[33m;[39m
     [90m    |[39m   [31m[1m^[22m[39m
     [90m  9 |[39m }[33m;[39m
     [90m 10 |[39m
     [90m 11 |[39m[0m

      at console.Object.<anonymous>.console.error (tests/jest.setup.ts:8:3)
      at Function.createBulkNotifications (src/controllers/notification.controller.ts:165:15)
      at Object.<anonymous> (tests/notification.test.ts:139:36)

  console.error
    Error marking notification as read: TypeError: Cannot read properties of undefined (reading 'markNotificationAsRead')
        at Function.markNotificationAsRead (D:\Graduation project\Smart-Campus-Assistant-v0.8-main\src\controllers\notification.controller.ts:189:49)
        at Object.<anonymous> (D:\Graduation project\Smart-Campus-Assistant-v0.8-main\tests\notification.test.ts:176:36)
        at Promise.then.completed (D:\Graduation project\Smart-Campus-Assistant-v0.8-main\node_modules\jest-circus\build\utils.js:298:28)
        at new Promise (<anonymous>)
        at callAsyncCircusFn (D:\Graduation project\Smart-Campus-Assistant-v0.8-main\node_modules\jest-circus\build\utils.js:231:10)
        at _callCircusTest (D:\Graduation project\Smart-Campus-Assistant-v0.8-main\node_modules\jest-circus\build\run.js:316:40)
        at processTicksAndRejections (node:internal/process/task_queues:105:5)
        at _runTest (D:\Graduation project\Smart-Campus-Assistant-v0.8-main\node_modules\jest-circus\build\run.js:252:3)
        at _runTestsForDescribeBlock (D:\Graduation project\Smart-Campus-Assistant-v0.8-main\node_modules\jest-circus\build\run.js:126:9)
        at _runTestsForDescribeBlock (D:\Graduation project\Smart-Campus-Assistant-v0.8-main\node_modules\jest-circus\build\run.js:121:9)
        at _runTestsForDescribeBlock (D:\Graduation project\Smart-Campus-Assistant-v0.8-main\node_modules\jest-circus\build\run.js:121:9)
        at run (D:\Graduation project\Smart-Campus-Assistant-v0.8-main\node_modules\jest-circus\build\run.js:71:3)
        at runAndTransformResultsToJestFormat (D:\Graduation project\Smart-Campus-Assistant-v0.8-main\node_modules\jest-circus\build\legacy-code-todo-rewrite\jestAdapterInit.js:122:21)
        at jestAdapter (D:\Graduation project\Smart-Campus-Assistant-v0.8-main\node_modules\jest-circus\build\legacy-code-todo-rewrite\jestAdapter.js:79:19)
        at runTestInternal (D:\Graduation project\Smart-Campus-Assistant-v0.8-main\node_modules\jest-runner\build\runTest.js:367:16)
        at runTest (D:\Graduation project\Smart-Campus-Assistant-v0.8-main\node_modules\jest-runner\build\runTest.js:444:34)
        at Object.worker (D:\Graduation project\Smart-Campus-Assistant-v0.8-main\node_modules\jest-runner\build\testWorker.js:106:12)

    [0m [90m  6 |[39m   [36mif[39m (args [33m&&[39m args[33m.[39mlength [33m>[39m [35m0[39m [33m&&[39m [36mtypeof[39m args[[35m0[39m] [33m===[39m [32m'string'[39m [33m&&[39m [35m/(act\(|Warning:)/[39m[33m.[39mtest(args[[35m0[39m])) [36mreturn[39m[33m;[39m
     [90m  7 |[39m   [90m// @ts-ignore - preserve original signature[39m
    [31m[1m>[22m[39m[90m  8 |[39m   origError([33m...[39margs)[33m;[39m
     [90m    |[39m   [31m[1m^[22m[39m
     [90m  9 |[39m }[33m;[39m
     [90m 10 |[39m
     [90m 11 |[39m[0m

      at console.Object.<anonymous>.console.error (tests/jest.setup.ts:8:3)
      at Function.markNotificationAsRead (src/controllers/notification.controller.ts:206:15)
      at Object.<anonymous> (tests/notification.test.ts:176:36)

  console.error
    Error marking notification as read: TypeError: Cannot read properties of undefined (reading 'markNotificationAsRead')
        at Function.markNotificationAsRead (D:\Graduation project\Smart-Campus-Assistant-v0.8-main\src\controllers\notification.controller.ts:189:49)
        at Object.<anonymous> (D:\Graduation project\Smart-Campus-Assistant-v0.8-main\tests\notification.test.ts:191:36)
        at Promise.then.completed (D:\Graduation project\Smart-Campus-Assistant-v0.8-main\node_modules\jest-circus\build\utils.js:298:28)
        at new Promise (<anonymous>)
        at callAsyncCircusFn (D:\Graduation project\Smart-Campus-Assistant-v0.8-main\node_modules\jest-circus\build\utils.js:231:10)
        at _callCircusTest (D:\Graduation project\Smart-Campus-Assistant-v0.8-main\node_modules\jest-circus\build\run.js:316:40)
        at processTicksAndRejections (node:internal/process/task_queues:105:5)
        at _runTest (D:\Graduation project\Smart-Campus-Assistant-v0.8-main\node_modules\jest-circus\build\run.js:252:3)
        at _runTestsForDescribeBlock (D:\Graduation project\Smart-Campus-Assistant-v0.8-main\node_modules\jest-circus\build\run.js:126:9)
        at _runTestsForDescribeBlock (D:\Graduation project\Smart-Campus-Assistant-v0.8-main\node_modules\jest-circus\build\run.js:121:9)
        at _runTestsForDescribeBlock (D:\Graduation project\Smart-Campus-Assistant-v0.8-main\node_modules\jest-circus\build\run.js:121:9)
        at run (D:\Graduation project\Smart-Campus-Assistant-v0.8-main\node_modules\jest-circus\build\run.js:71:3)
        at runAndTransformResultsToJestFormat (D:\Graduation project\Smart-Campus-Assistant-v0.8-main\node_modules\jest-circus\build\legacy-code-todo-rewrite\jestAdapterInit.js:122:21)
        at jestAdapter (D:\Graduation project\Smart-Campus-Assistant-v0.8-main\node_modules\jest-circus\build\legacy-code-todo-rewrite\jestAdapter.js:79:19)
        at runTestInternal (D:\Graduation project\Smart-Campus-Assistant-v0.8-main\node_modules\jest-runner\build\runTest.js:367:16)
        at runTest (D:\Graduation project\Smart-Campus-Assistant-v0.8-main\node_modules\jest-runner\build\runTest.js:444:34)
        at Object.worker (D:\Graduation project\Smart-Campus-Assistant-v0.8-main\node_modules\jest-runner\build\testWorker.js:106:12)

    [0m [90m  6 |[39m   [36mif[39m (args [33m&&[39m args[33m.[39mlength [33m>[39m [35m0[39m [33m&&[39m [36mtypeof[39m args[[35m0[39m] [33m===[39m [32m'string'[39m [33m&&[39m [35m/(act\(|Warning:)/[39m[33m.[39mtest(args[[35m0[39m])) [36mreturn[39m[33m;[39m
     [90m  7 |[39m   [90m// @ts-ignore - preserve original signature[39m
    [31m[1m>[22m[39m[90m  8 |[39m   origError([33m...[39margs)[33m;[39m
     [90m    |[39m   [31m[1m^[22m[39m
     [90m  9 |[39m }[33m;[39m
     [90m 10 |[39m
     [90m 11 |[39m[0m

      at console.Object.<anonymous>.console.error (tests/jest.setup.ts:8:3)
      at Function.markNotificationAsRead (src/controllers/notification.controller.ts:206:15)
      at Object.<anonymous> (tests/notification.test.ts:191:36)

  console.error
    Error marking all notifications as read: TypeError: Cannot read properties of undefined (reading 'markAllNotificationsAsRead')
        at Function.markAllNotificationsAsRead (D:\Graduation project\Smart-Campus-Assistant-v0.8-main\src\controllers\notification.controller.ts:222:47)
        at Object.<anonymous> (D:\Graduation project\Smart-Campus-Assistant-v0.8-main\tests\notification.test.ts:219:36)
        at Promise.then.completed (D:\Graduation project\Smart-Campus-Assistant-v0.8-main\node_modules\jest-circus\build\utils.js:298:28)
        at new Promise (<anonymous>)
        at callAsyncCircusFn (D:\Graduation project\Smart-Campus-Assistant-v0.8-main\node_modules\jest-circus\build\utils.js:231:10)
        at _callCircusTest (D:\Graduation project\Smart-Campus-Assistant-v0.8-main\node_modules\jest-circus\build\run.js:316:40)
        at processTicksAndRejections (node:internal/process/task_queues:105:5)
        at _runTest (D:\Graduation project\Smart-Campus-Assistant-v0.8-main\node_modules\jest-circus\build\run.js:252:3)
        at _runTestsForDescribeBlock (D:\Graduation project\Smart-Campus-Assistant-v0.8-main\node_modules\jest-circus\build\run.js:126:9)
        at _runTestsForDescribeBlock (D:\Graduation project\Smart-Campus-Assistant-v0.8-main\node_modules\jest-circus\build\run.js:121:9)
        at _runTestsForDescribeBlock (D:\Graduation project\Smart-Campus-Assistant-v0.8-main\node_modules\jest-circus\build\run.js:121:9)
        at run (D:\Graduation project\Smart-Campus-Assistant-v0.8-main\node_modules\jest-circus\build\run.js:71:3)
        at runAndTransformResultsToJestFormat (D:\Graduation project\Smart-Campus-Assistant-v0.8-main\node_modules\jest-circus\build\legacy-code-todo-rewrite\jestAdapterInit.js:122:21)
        at jestAdapter (D:\Graduation project\Smart-Campus-Assistant-v0.8-main\node_modules\jest-circus\build\legacy-code-todo-rewrite\jestAdapter.js:79:19)
        at runTestInternal (D:\Graduation project\Smart-Campus-Assistant-v0.8-main\node_modules\jest-runner\build\runTest.js:367:16)
        at runTest (D:\Graduation project\Smart-Campus-Assistant-v0.8-main\node_modules\jest-runner\build\runTest.js:444:34)
        at Object.worker (D:\Graduation project\Smart-Campus-Assistant-v0.8-main\node_modules\jest-runner\build\testWorker.js:106:12)

    [0m [90m  6 |[39m   [36mif[39m (args [33m&&[39m args[33m.[39mlength [33m>[39m [35m0[39m [33m&&[39m [36mtypeof[39m args[[35m0[39m] [33m===[39m [32m'string'[39m [33m&&[39m [35m/(act\(|Warning:)/[39m[33m.[39mtest(args[[35m0[39m])) [36mreturn[39m[33m;[39m
     [90m  7 |[39m   [90m// @ts-ignore - preserve original signature[39m
    [31m[1m>[22m[39m[90m  8 |[39m   origError([33m...[39margs)[33m;[39m
     [90m    |[39m   [31m[1m^[22m[39m
     [90m  9 |[39m }[33m;[39m
     [90m 10 |[39m
     [90m 11 |[39m[0m

      at console.Object.<anonymous>.console.error (tests/jest.setup.ts:8:3)
      at Function.markAllNotificationsAsRead (src/controllers/notification.controller.ts:230:15)
      at Object.<anonymous> (tests/notification.test.ts:219:36)

  console.error
    Error deleting notification: TypeError: Cannot read properties of undefined (reading 'deleteNotification')
        at Function.deleteNotification (D:\Graduation project\Smart-Campus-Assistant-v0.8-main\src\controllers\notification.controller.ts:254:49)
        at Object.<anonymous> (D:\Graduation project\Smart-Campus-Assistant-v0.8-main\tests\notification.test.ts:237:36)
        at Promise.then.completed (D:\Graduation project\Smart-Campus-Assistant-v0.8-main\node_modules\jest-circus\build\utils.js:298:28)
        at new Promise (<anonymous>)
        at callAsyncCircusFn (D:\Graduation project\Smart-Campus-Assistant-v0.8-main\node_modules\jest-circus\build\utils.js:231:10)
        at _callCircusTest (D:\Graduation project\Smart-Campus-Assistant-v0.8-main\node_modules\jest-circus\build\run.js:316:40)
        at processTicksAndRejections (node:internal/process/task_queues:105:5)
        at _runTest (D:\Graduation project\Smart-Campus-Assistant-v0.8-main\node_modules\jest-circus\build\run.js:252:3)
        at _runTestsForDescribeBlock (D:\Graduation project\Smart-Campus-Assistant-v0.8-main\node_modules\jest-circus\build\run.js:126:9)
        at _runTestsForDescribeBlock (D:\Graduation project\Smart-Campus-Assistant-v0.8-main\node_modules\jest-circus\build\run.js:121:9)
        at _runTestsForDescribeBlock (D:\Graduation project\Smart-Campus-Assistant-v0.8-main\node_modules\jest-circus\build\run.js:121:9)
        at run (D:\Graduation project\Smart-Campus-Assistant-v0.8-main\node_modules\jest-circus\build\run.js:71:3)
        at runAndTransformResultsToJestFormat (D:\Graduation project\Smart-Campus-Assistant-v0.8-main\node_modules\jest-circus\build\legacy-code-todo-rewrite\jestAdapterInit.js:122:21)
        at jestAdapter (D:\Graduation project\Smart-Campus-Assistant-v0.8-main\node_modules\jest-circus\build\legacy-code-todo-rewrite\jestAdapter.js:79:19)
        at runTestInternal (D:\Graduation project\Smart-Campus-Assistant-v0.8-main\node_modules\jest-runner\build\runTest.js:367:16)
        at runTest (D:\Graduation project\Smart-Campus-Assistant-v0.8-main\node_modules\jest-runner\build\runTest.js:444:34)
        at Object.worker (D:\Graduation project\Smart-Campus-Assistant-v0.8-main\node_modules\jest-runner\build\testWorker.js:106:12)

    [0m [90m  6 |[39m   [36mif[39m (args [33m&&[39m args[33m.[39mlength [33m>[39m [35m0[39m [33m&&[39m [36mtypeof[39m args[[35m0[39m] [33m===[39m [32m'string'[39m [33m&&[39m [35m/(act\(|Warning:)/[39m[33m.[39mtest(args[[35m0[39m])) [36mreturn[39m[33m;[39m
     [90m  7 |[39m   [90m// @ts-ignore - preserve original signature[39m
    [31m[1m>[22m[39m[90m  8 |[39m   origError([33m...[39margs)[33m;[39m
     [90m    |[39m   [31m[1m^[22m[39m
     [90m  9 |[39m }[33m;[39m
     [90m 10 |[39m
     [90m 11 |[39m[0m

      at console.Object.<anonymous>.console.error (tests/jest.setup.ts:8:3)
      at Function.deleteNotification (src/controllers/notification.controller.ts:271:15)
      at Object.<anonymous> (tests/notification.test.ts:237:36)

  console.error
    Error deleting notification: TypeError: Cannot read properties of undefined (reading 'deleteNotification')
        at Function.deleteNotification (D:\Graduation project\Smart-Campus-Assistant-v0.8-main\src\controllers\notification.controller.ts:254:49)
        at Object.<anonymous> (D:\Graduation project\Smart-Campus-Assistant-v0.8-main\tests\notification.test.ts:252:36)
        at Promise.then.completed (D:\Graduation project\Smart-Campus-Assistant-v0.8-main\node_modules\jest-circus\build\utils.js:298:28)
        at new Promise (<anonymous>)
        at callAsyncCircusFn (D:\Graduation project\Smart-Campus-Assistant-v0.8-main\node_modules\jest-circus\build\utils.js:231:10)
        at _callCircusTest (D:\Graduation project\Smart-Campus-Assistant-v0.8-main\node_modules\jest-circus\build\run.js:316:40)
        at processTicksAndRejections (node:internal/process/task_queues:105:5)
        at _runTest (D:\Graduation project\Smart-Campus-Assistant-v0.8-main\node_modules\jest-circus\build\run.js:252:3)
        at _runTestsForDescribeBlock (D:\Graduation project\Smart-Campus-Assistant-v0.8-main\node_modules\jest-circus\build\run.js:126:9)
        at _runTestsForDescribeBlock (D:\Graduation project\Smart-Campus-Assistant-v0.8-main\node_modules\jest-circus\build\run.js:121:9)
        at _runTestsForDescribeBlock (D:\Graduation project\Smart-Campus-Assistant-v0.8-main\node_modules\jest-circus\build\run.js:121:9)
        at run (D:\Graduation project\Smart-Campus-Assistant-v0.8-main\node_modules\jest-circus\build\run.js:71:3)
        at runAndTransformResultsToJestFormat (D:\Graduation project\Smart-Campus-Assistant-v0.8-main\node_modules\jest-circus\build\legacy-code-todo-rewrite\jestAdapterInit.js:122:21)
        at jestAdapter (D:\Graduation project\Smart-Campus-Assistant-v0.8-main\node_modules\jest-circus\build\legacy-code-todo-rewrite\jestAdapter.js:79:19)
        at runTestInternal (D:\Graduation project\Smart-Campus-Assistant-v0.8-main\node_modules\jest-runner\build\runTest.js:367:16)
        at runTest (D:\Graduation project\Smart-Campus-Assistant-v0.8-main\node_modules\jest-runner\build\runTest.js:444:34)
        at Object.worker (D:\Graduation project\Smart-Campus-Assistant-v0.8-main\node_modules\jest-runner\build\testWorker.js:106:12)

    [0m [90m  6 |[39m   [36mif[39m (args [33m&&[39m args[33m.[39mlength [33m>[39m [35m0[39m [33m&&[39m [36mtypeof[39m args[[35m0[39m] [33m===[39m [32m'string'[39m [33m&&[39m [35m/(act\(|Warning:)/[39m[33m.[39mtest(args[[35m0[39m])) [36mreturn[39m[33m;[39m
     [90m  7 |[39m   [90m// @ts-ignore - preserve original signature[39m
    [31m[1m>[22m[39m[90m  8 |[39m   origError([33m...[39margs)[33m;[39m
     [90m    |[39m   [31m[1m^[22m[39m
     [90m  9 |[39m }[33m;[39m
     [90m 10 |[39m
     [90m 11 |[39m[0m

      at console.Object.<anonymous>.console.error (tests/jest.setup.ts:8:3)
      at Function.deleteNotification (src/controllers/notification.controller.ts:271:15)
      at Object.<anonymous> (tests/notification.test.ts:252:36)

  console.error
    Error getting unread count: TypeError: Cannot read properties of undefined (reading 'getUnreadCount')
        at Function.getUnreadCount (D:\Graduation project\Smart-Campus-Assistant-v0.8-main\src\controllers\notification.controller.ts:287:47)
        at Object.<anonymous> (D:\Graduation project\Smart-Campus-Assistant-v0.8-main\tests\notification.test.ts:267:36)
        at Promise.then.completed (D:\Graduation project\Smart-Campus-Assistant-v0.8-main\node_modules\jest-circus\build\utils.js:298:28)
        at new Promise (<anonymous>)
        at callAsyncCircusFn (D:\Graduation project\Smart-Campus-Assistant-v0.8-main\node_modules\jest-circus\build\utils.js:231:10)
        at _callCircusTest (D:\Graduation project\Smart-Campus-Assistant-v0.8-main\node_modules\jest-circus\build\run.js:316:40)
        at processTicksAndRejections (node:internal/process/task_queues:105:5)
        at _runTest (D:\Graduation project\Smart-Campus-Assistant-v0.8-main\node_modules\jest-circus\build\run.js:252:3)
        at _runTestsForDescribeBlock (D:\Graduation project\Smart-Campus-Assistant-v0.8-main\node_modules\jest-circus\build\run.js:126:9)
        at _runTestsForDescribeBlock (D:\Graduation project\Smart-Campus-Assistant-v0.8-main\node_modules\jest-circus\build\run.js:121:9)
        at _runTestsForDescribeBlock (D:\Graduation project\Smart-Campus-Assistant-v0.8-main\node_modules\jest-circus\build\run.js:121:9)
        at run (D:\Graduation project\Smart-Campus-Assistant-v0.8-main\node_modules\jest-circus\build\run.js:71:3)
        at runAndTransformResultsToJestFormat (D:\Graduation project\Smart-Campus-Assistant-v0.8-main\node_modules\jest-circus\build\legacy-code-todo-rewrite\jestAdapterInit.js:122:21)
        at jestAdapter (D:\Graduation project\Smart-Campus-Assistant-v0.8-main\node_modules\jest-circus\build\legacy-code-todo-rewrite\jestAdapter.js:79:19)
        at runTestInternal (D:\Graduation project\Smart-Campus-Assistant-v0.8-main\node_modules\jest-runner\build\runTest.js:367:16)
        at runTest (D:\Graduation project\Smart-Campus-Assistant-v0.8-main\node_modules\jest-runner\build\runTest.js:444:34)
        at Object.worker (D:\Graduation project\Smart-Campus-Assistant-v0.8-main\node_modules\jest-runner\build\testWorker.js:106:12)

    [0m [90m  6 |[39m   [36mif[39m (args [33m&&[39m args[33m.[39mlength [33m>[39m [35m0[39m [33m&&[39m [36mtypeof[39m args[[35m0[39m] [33m===[39m [32m'string'[39m [33m&&[39m [35m/(act\(|Warning:)/[39m[33m.[39mtest(args[[35m0[39m])) [36mreturn[39m[33m;[39m
     [90m  7 |[39m   [90m// @ts-ignore - preserve original signature[39m
    [31m[1m>[22m[39m[90m  8 |[39m   origError([33m...[39margs)[33m;[39m
     [90m    |[39m   [31m[1m^[22m[39m
     [90m  9 |[39m }[33m;[39m
     [90m 10 |[39m
     [90m 11 |[39m[0m

      at console.Object.<anonymous>.console.error (tests/jest.setup.ts:8:3)
      at Function.getUnreadCount (src/controllers/notification.controller.ts:294:15)
      at Object.<anonymous> (tests/notification.test.ts:267:36)

  console.error
    Error getting notification stats: TypeError: Cannot read properties of undefined (reading 'getNotificationStats')
        at Function.getNotificationStats (D:\Graduation project\Smart-Campus-Assistant-v0.8-main\src\controllers\notification.controller.ts:310:47)
        at Object.<anonymous> (D:\Graduation project\Smart-Campus-Assistant-v0.8-main\tests\notification.test.ts:295:36)
        at Promise.then.completed (D:\Graduation project\Smart-Campus-Assistant-v0.8-main\node_modules\jest-circus\build\utils.js:298:28)
        at new Promise (<anonymous>)
        at callAsyncCircusFn (D:\Graduation project\Smart-Campus-Assistant-v0.8-main\node_modules\jest-circus\build\utils.js:231:10)
        at _callCircusTest (D:\Graduation project\Smart-Campus-Assistant-v0.8-main\node_modules\jest-circus\build\run.js:316:40)
        at processTicksAndRejections (node:internal/process/task_queues:105:5)
        at _runTest (D:\Graduation project\Smart-Campus-Assistant-v0.8-main\node_modules\jest-circus\build\run.js:252:3)
        at _runTestsForDescribeBlock (D:\Graduation project\Smart-Campus-Assistant-v0.8-main\node_modules\jest-circus\build\run.js:126:9)
        at _runTestsForDescribeBlock (D:\Graduation project\Smart-Campus-Assistant-v0.8-main\node_modules\jest-circus\build\run.js:121:9)
        at _runTestsForDescribeBlock (D:\Graduation project\Smart-Campus-Assistant-v0.8-main\node_modules\jest-circus\build\run.js:121:9)
        at run (D:\Graduation project\Smart-Campus-Assistant-v0.8-main\node_modules\jest-circus\build\run.js:71:3)
        at runAndTransformResultsToJestFormat (D:\Graduation project\Smart-Campus-Assistant-v0.8-main\node_modules\jest-circus\build\legacy-code-todo-rewrite\jestAdapterInit.js:122:21)
        at jestAdapter (D:\Graduation project\Smart-Campus-Assistant-v0.8-main\node_modules\jest-circus\build\legacy-code-todo-rewrite\jestAdapter.js:79:19)
        at runTestInternal (D:\Graduation project\Smart-Campus-Assistant-v0.8-main\node_modules\jest-runner\build\runTest.js:367:16)
        at runTest (D:\Graduation project\Smart-Campus-Assistant-v0.8-main\node_modules\jest-runner\build\runTest.js:444:34)
        at Object.worker (D:\Graduation project\Smart-Campus-Assistant-v0.8-main\node_modules\jest-runner\build\testWorker.js:106:12)

    [0m [90m  6 |[39m   [36mif[39m (args [33m&&[39m args[33m.[39mlength [33m>[39m [35m0[39m [33m&&[39m [36mtypeof[39m args[[35m0[39m] [33m===[39m [32m'string'[39m [33m&&[39m [35m/(act\(|Warning:)/[39m[33m.[39mtest(args[[35m0[39m])) [36mreturn[39m[33m;[39m
     [90m  7 |[39m   [90m// @ts-ignore - preserve original signature[39m
    [31m[1m>[22m[39m[90m  8 |[39m   origError([33m...[39margs)[33m;[39m
     [90m    |[39m   [31m[1m^[22m[39m
     [90m  9 |[39m }[33m;[39m
     [90m 10 |[39m
     [90m 11 |[39m[0m

      at console.Object.<anonymous>.console.error (tests/jest.setup.ts:8:3)
      at Function.getNotificationStats (src/controllers/notification.controller.ts:317:15)
      at Object.<anonymous> (tests/notification.test.ts:295:36)

  console.error
    Error getting notification settings: TypeError: Cannot read properties of undefined (reading 'getNotificationSettings')
        at Function.getNotificationSettings (D:\Graduation project\Smart-Campus-Assistant-v0.8-main\src\controllers\notification.controller.ts:333:50)
        at Object.<anonymous> (D:\Graduation project\Smart-Campus-Assistant-v0.8-main\tests\notification.test.ts:319:36)
        at Promise.then.completed (D:\Graduation project\Smart-Campus-Assistant-v0.8-main\node_modules\jest-circus\build\utils.js:298:28)
        at new Promise (<anonymous>)
        at callAsyncCircusFn (D:\Graduation project\Smart-Campus-Assistant-v0.8-main\node_modules\jest-circus\build\utils.js:231:10)
        at _callCircusTest (D:\Graduation project\Smart-Campus-Assistant-v0.8-main\node_modules\jest-circus\build\run.js:316:40)
        at processTicksAndRejections (node:internal/process/task_queues:105:5)
        at _runTest (D:\Graduation project\Smart-Campus-Assistant-v0.8-main\node_modules\jest-circus\build\run.js:252:3)
        at _runTestsForDescribeBlock (D:\Graduation project\Smart-Campus-Assistant-v0.8-main\node_modules\jest-circus\build\run.js:126:9)
        at _runTestsForDescribeBlock (D:\Graduation project\Smart-Campus-Assistant-v0.8-main\node_modules\jest-circus\build\run.js:121:9)
        at _runTestsForDescribeBlock (D:\Graduation project\Smart-Campus-Assistant-v0.8-main\node_modules\jest-circus\build\run.js:121:9)
        at run (D:\Graduation project\Smart-Campus-Assistant-v0.8-main\node_modules\jest-circus\build\run.js:71:3)
        at runAndTransformResultsToJestFormat (D:\Graduation project\Smart-Campus-Assistant-v0.8-main\node_modules\jest-circus\build\legacy-code-todo-rewrite\jestAdapterInit.js:122:21)
        at jestAdapter (D:\Graduation project\Smart-Campus-Assistant-v0.8-main\node_modules\jest-circus\build\legacy-code-todo-rewrite\jestAdapter.js:79:19)
        at runTestInternal (D:\Graduation project\Smart-Campus-Assistant-v0.8-main\node_modules\jest-runner\build\runTest.js:367:16)
        at runTest (D:\Graduation project\Smart-Campus-Assistant-v0.8-main\node_modules\jest-runner\build\runTest.js:444:34)
        at Object.worker (D:\Graduation project\Smart-Campus-Assistant-v0.8-main\node_modules\jest-runner\build\testWorker.js:106:12)

    [0m [90m  6 |[39m   [36mif[39m (args [33m&&[39m args[33m.[39mlength [33m>[39m [35m0[39m [33m&&[39m [36mtypeof[39m args[[35m0[39m] [33m===[39m [32m'string'[39m [33m&&[39m [35m/(act\(|Warning:)/[39m[33m.[39mtest(args[[35m0[39m])) [36mreturn[39m[33m;[39m
     [90m  7 |[39m   [90m// @ts-ignore - preserve original signature[39m
    [31m[1m>[22m[39m[90m  8 |[39m   origError([33m...[39margs)[33m;[39m
     [90m    |[39m   [31m[1m^[22m[39m
     [90m  9 |[39m }[33m;[39m
     [90m 10 |[39m
     [90m 11 |[39m[0m

      at console.Object.<anonymous>.console.error (tests/jest.setup.ts:8:3)
      at Function.getNotificationSettings (src/controllers/notification.controller.ts:340:15)
      at Object.<anonymous> (tests/notification.test.ts:319:36)

  console.error
    Error updating notification settings: TypeError: Cannot read properties of undefined (reading 'updateNotificationSettings')
        at Function.updateNotificationSettings (D:\Graduation project\Smart-Campus-Assistant-v0.8-main\src\controllers\notification.controller.ts:357:57)
        at Object.<anonymous> (D:\Graduation project\Smart-Campus-Assistant-v0.8-main\tests\notification.test.ts:350:36)
        at Promise.then.completed (D:\Graduation project\Smart-Campus-Assistant-v0.8-main\node_modules\jest-circus\build\utils.js:298:28)
        at new Promise (<anonymous>)
        at callAsyncCircusFn (D:\Graduation project\Smart-Campus-Assistant-v0.8-main\node_modules\jest-circus\build\utils.js:231:10)
        at _callCircusTest (D:\Graduation project\Smart-Campus-Assistant-v0.8-main\node_modules\jest-circus\build\run.js:316:40)
        at processTicksAndRejections (node:internal/process/task_queues:105:5)
        at _runTest (D:\Graduation project\Smart-Campus-Assistant-v0.8-main\node_modules\jest-circus\build\run.js:252:3)
        at _runTestsForDescribeBlock (D:\Graduation project\Smart-Campus-Assistant-v0.8-main\node_modules\jest-circus\build\run.js:126:9)
        at _runTestsForDescribeBlock (D:\Graduation project\Smart-Campus-Assistant-v0.8-main\node_modules\jest-circus\build\run.js:121:9)
        at _runTestsForDescribeBlock (D:\Graduation project\Smart-Campus-Assistant-v0.8-main\node_modules\jest-circus\build\run.js:121:9)
        at run (D:\Graduation project\Smart-Campus-Assistant-v0.8-main\node_modules\jest-circus\build\run.js:71:3)
        at runAndTransformResultsToJestFormat (D:\Graduation project\Smart-Campus-Assistant-v0.8-main\node_modules\jest-circus\build\legacy-code-todo-rewrite\jestAdapterInit.js:122:21)
        at jestAdapter (D:\Graduation project\Smart-Campus-Assistant-v0.8-main\node_modules\jest-circus\build\legacy-code-todo-rewrite\jestAdapter.js:79:19)
        at runTestInternal (D:\Graduation project\Smart-Campus-Assistant-v0.8-main\node_modules\jest-runner\build\runTest.js:367:16)
        at runTest (D:\Graduation project\Smart-Campus-Assistant-v0.8-main\node_modules\jest-runner\build\runTest.js:444:34)
        at Object.worker (D:\Graduation project\Smart-Campus-Assistant-v0.8-main\node_modules\jest-runner\build\testWorker.js:106:12)

    [0m [90m  6 |[39m   [36mif[39m (args [33m&&[39m args[33m.[39mlength [33m>[39m [35m0[39m [33m&&[39m [36mtypeof[39m args[[35m0[39m] [33m===[39m [32m'string'[39m [33m&&[39m [35m/(act\(|Warning:)/[39m[33m.[39mtest(args[[35m0[39m])) [36mreturn[39m[33m;[39m
     [90m  7 |[39m   [90m// @ts-ignore - preserve original signature[39m
    [31m[1m>[22m[39m[90m  8 |[39m   origError([33m...[39margs)[33m;[39m
     [90m    |[39m   [31m[1m^[22m[39m
     [90m  9 |[39m }[33m;[39m
     [90m 10 |[39m
     [90m 11 |[39m[0m

      at console.Object.<anonymous>.console.error (tests/jest.setup.ts:8:3)
      at Function.updateNotificationSettings (src/controllers/notification.controller.ts:368:15)
      at Object.<anonymous> (tests/notification.test.ts:350:36)

  console.error
    Error creating exam notification: TypeError: Cannot read properties of undefined (reading 'createExamNotification')
        at Function.createExamNotification (D:\Graduation project\Smart-Campus-Assistant-v0.8-main\src\controllers\notification.controller.ts:392:54)
        at Object.<anonymous> (D:\Graduation project\Smart-Campus-Assistant-v0.8-main\tests\notification.test.ts:386:36)
        at Promise.then.completed (D:\Graduation project\Smart-Campus-Assistant-v0.8-main\node_modules\jest-circus\build\utils.js:298:28)
        at new Promise (<anonymous>)
        at callAsyncCircusFn (D:\Graduation project\Smart-Campus-Assistant-v0.8-main\node_modules\jest-circus\build\utils.js:231:10)
        at _callCircusTest (D:\Graduation project\Smart-Campus-Assistant-v0.8-main\node_modules\jest-circus\build\run.js:316:40)
        at processTicksAndRejections (node:internal/process/task_queues:105:5)
        at _runTest (D:\Graduation project\Smart-Campus-Assistant-v0.8-main\node_modules\jest-circus\build\run.js:252:3)
        at _runTestsForDescribeBlock (D:\Graduation project\Smart-Campus-Assistant-v0.8-main\node_modules\jest-circus\build\run.js:126:9)
        at _runTestsForDescribeBlock (D:\Graduation project\Smart-Campus-Assistant-v0.8-main\node_modules\jest-circus\build\run.js:121:9)
        at _runTestsForDescribeBlock (D:\Graduation project\Smart-Campus-Assistant-v0.8-main\node_modules\jest-circus\build\run.js:121:9)
        at run (D:\Graduation project\Smart-Campus-Assistant-v0.8-main\node_modules\jest-circus\build\run.js:71:3)
        at runAndTransformResultsToJestFormat (D:\Graduation project\Smart-Campus-Assistant-v0.8-main\node_modules\jest-circus\build\legacy-code-todo-rewrite\jestAdapterInit.js:122:21)
        at jestAdapter (D:\Graduation project\Smart-Campus-Assistant-v0.8-main\node_modules\jest-circus\build\legacy-code-todo-rewrite\jestAdapter.js:79:19)
        at runTestInternal (D:\Graduation project\Smart-Campus-Assistant-v0.8-main\node_modules\jest-runner\build\runTest.js:367:16)
        at runTest (D:\Graduation project\Smart-Campus-Assistant-v0.8-main\node_modules\jest-runner\build\runTest.js:444:34)
        at Object.worker (D:\Graduation project\Smart-Campus-Assistant-v0.8-main\node_modules\jest-runner\build\testWorker.js:106:12)

    [0m [90m  6 |[39m   [36mif[39m (args [33m&&[39m args[33m.[39mlength [33m>[39m [35m0[39m [33m&&[39m [36mtypeof[39m args[[35m0[39m] [33m===[39m [32m'string'[39m [33m&&[39m [35m/(act\(|Warning:)/[39m[33m.[39mtest(args[[35m0[39m])) [36mreturn[39m[33m;[39m
     [90m  7 |[39m   [90m// @ts-ignore - preserve original signature[39m
    [31m[1m>[22m[39m[90m  8 |[39m   origError([33m...[39margs)[33m;[39m
     [90m    |[39m   [31m[1m^[22m[39m
     [90m  9 |[39m }[33m;[39m
     [90m 10 |[39m
     [90m 11 |[39m[0m

      at console.Object.<anonymous>.console.error (tests/jest.setup.ts:8:3)
      at Function.createExamNotification (src/controllers/notification.controller.ts:404:15)
      at Object.<anonymous> (tests/notification.test.ts:386:36)

  console.error
    Error creating assignment notification: TypeError: Cannot read properties of undefined (reading 'createAssignmentNotification')
        at Function.createAssignmentNotification (D:\Graduation project\Smart-Campus-Assistant-v0.8-main\src\controllers\notification.controller.ts:428:54)
        at Object.<anonymous> (D:\Graduation project\Smart-Campus-Assistant-v0.8-main\tests\notification.test.ts:438:36)
        at Promise.then.completed (D:\Graduation project\Smart-Campus-Assistant-v0.8-main\node_modules\jest-circus\build\utils.js:298:28)
        at new Promise (<anonymous>)
        at callAsyncCircusFn (D:\Graduation project\Smart-Campus-Assistant-v0.8-main\node_modules\jest-circus\build\utils.js:231:10)
        at _callCircusTest (D:\Graduation project\Smart-Campus-Assistant-v0.8-main\node_modules\jest-circus\build\run.js:316:40)
        at processTicksAndRejections (node:internal/process/task_queues:105:5)
        at _runTest (D:\Graduation project\Smart-Campus-Assistant-v0.8-main\node_modules\jest-circus\build\run.js:252:3)
        at _runTestsForDescribeBlock (D:\Graduation project\Smart-Campus-Assistant-v0.8-main\node_modules\jest-circus\build\run.js:126:9)
        at _runTestsForDescribeBlock (D:\Graduation project\Smart-Campus-Assistant-v0.8-main\node_modules\jest-circus\build\run.js:121:9)
        at _runTestsForDescribeBlock (D:\Graduation project\Smart-Campus-Assistant-v0.8-main\node_modules\jest-circus\build\run.js:121:9)
        at run (D:\Graduation project\Smart-Campus-Assistant-v0.8-main\node_modules\jest-circus\build\run.js:71:3)
        at runAndTransformResultsToJestFormat (D:\Graduation project\Smart-Campus-Assistant-v0.8-main\node_modules\jest-circus\build\legacy-code-todo-rewrite\jestAdapterInit.js:122:21)
        at jestAdapter (D:\Graduation project\Smart-Campus-Assistant-v0.8-main\node_modules\jest-circus\build\legacy-code-todo-rewrite\jestAdapter.js:79:19)
        at runTestInternal (D:\Graduation project\Smart-Campus-Assistant-v0.8-main\node_modules\jest-runner\build\runTest.js:367:16)
        at runTest (D:\Graduation project\Smart-Campus-Assistant-v0.8-main\node_modules\jest-runner\build\runTest.js:444:34)
        at Object.worker (D:\Graduation project\Smart-Campus-Assistant-v0.8-main\node_modules\jest-runner\build\testWorker.js:106:12)

    [0m [90m  6 |[39m   [36mif[39m (args [33m&&[39m args[33m.[39mlength [33m>[39m [35m0[39m [33m&&[39m [36mtypeof[39m args[[35m0[39m] [33m===[39m [32m'string'[39m [33m&&[39m [35m/(act\(|Warning:)/[39m[33m.[39mtest(args[[35m0[39m])) [36mreturn[39m[33m;[39m
     [90m  7 |[39m   [90m// @ts-ignore - preserve original signature[39m
    [31m[1m>[22m[39m[90m  8 |[39m   origError([33m...[39margs)[33m;[39m
     [90m    |[39m   [31m[1m^[22m[39m
     [90m  9 |[39m }[33m;[39m
     [90m 10 |[39m
     [90m 11 |[39m[0m

      at console.Object.<anonymous>.console.error (tests/jest.setup.ts:8:3)
      at Function.createAssignmentNotification (src/controllers/notification.controller.ts:440:15)
      at Object.<anonymous> (tests/notification.test.ts:438:36)

  console.error
    Error creating attendance notification: TypeError: Cannot read properties of undefined (reading 'createAttendanceNotification')
        at Function.createAttendanceNotification (D:\Graduation project\Smart-Campus-Assistant-v0.8-main\src\controllers\notification.controller.ts:464:54)
        at Object.<anonymous> (D:\Graduation project\Smart-Campus-Assistant-v0.8-main\tests\notification.test.ts:472:36)
        at Promise.then.completed (D:\Graduation project\Smart-Campus-Assistant-v0.8-main\node_modules\jest-circus\build\utils.js:298:28)
        at new Promise (<anonymous>)
        at callAsyncCircusFn (D:\Graduation project\Smart-Campus-Assistant-v0.8-main\node_modules\jest-circus\build\utils.js:231:10)
        at _callCircusTest (D:\Graduation project\Smart-Campus-Assistant-v0.8-main\node_modules\jest-circus\build\run.js:316:40)
        at processTicksAndRejections (node:internal/process/task_queues:105:5)
        at _runTest (D:\Graduation project\Smart-Campus-Assistant-v0.8-main\node_modules\jest-circus\build\run.js:252:3)
        at _runTestsForDescribeBlock (D:\Graduation project\Smart-Campus-Assistant-v0.8-main\node_modules\jest-circus\build\run.js:126:9)
        at _runTestsForDescribeBlock (D:\Graduation project\Smart-Campus-Assistant-v0.8-main\node_modules\jest-circus\build\run.js:121:9)
        at _runTestsForDescribeBlock (D:\Graduation project\Smart-Campus-Assistant-v0.8-main\node_modules\jest-circus\build\run.js:121:9)
        at run (D:\Graduation project\Smart-Campus-Assistant-v0.8-main\node_modules\jest-circus\build\run.js:71:3)
        at runAndTransformResultsToJestFormat (D:\Graduation project\Smart-Campus-Assistant-v0.8-main\node_modules\jest-circus\build\legacy-code-todo-rewrite\jestAdapterInit.js:122:21)
        at jestAdapter (D:\Graduation project\Smart-Campus-Assistant-v0.8-main\node_modules\jest-circus\build\legacy-code-todo-rewrite\jestAdapter.js:79:19)
        at runTestInternal (D:\Graduation project\Smart-Campus-Assistant-v0.8-main\node_modules\jest-runner\build\runTest.js:367:16)
        at runTest (D:\Graduation project\Smart-Campus-Assistant-v0.8-main\node_modules\jest-runner\build\runTest.js:444:34)
        at Object.worker (D:\Graduation project\Smart-Campus-Assistant-v0.8-main\node_modules\jest-runner\build\testWorker.js:106:12)

    [0m [90m  6 |[39m   [36mif[39m (args [33m&&[39m args[33m.[39mlength [33m>[39m [35m0[39m [33m&&[39m [36mtypeof[39m args[[35m0[39m] [33m===[39m [32m'string'[39m [33m&&[39m [35m/(act\(|Warning:)/[39m[33m.[39mtest(args[[35m0[39m])) [36mreturn[39m[33m;[39m
     [90m  7 |[39m   [90m// @ts-ignore - preserve original signature[39m
    [31m[1m>[22m[39m[90m  8 |[39m   origError([33m...[39margs)[33m;[39m
     [90m    |[39m   [31m[1m^[22m[39m
     [90m  9 |[39m }[33m;[39m
     [90m 10 |[39m
     [90m 11 |[39m[0m

      at console.Object.<anonymous>.console.error (tests/jest.setup.ts:8:3)
      at Function.createAttendanceNotification (src/controllers/notification.controller.ts:476:15)
      at Object.<anonymous> (tests/notification.test.ts:472:36)

  console.error
    Error creating course notification: TypeError: Cannot read properties of undefined (reading 'createCourseNotification')
        at Function.createCourseNotification (D:\Graduation project\Smart-Campus-Assistant-v0.8-main\src\controllers\notification.controller.ts:500:54)
        at Object.<anonymous> (D:\Graduation project\Smart-Campus-Assistant-v0.8-main\tests\notification.test.ts:505:36)
        at Promise.then.completed (D:\Graduation project\Smart-Campus-Assistant-v0.8-main\node_modules\jest-circus\build\utils.js:298:28)
        at new Promise (<anonymous>)
        at callAsyncCircusFn (D:\Graduation project\Smart-Campus-Assistant-v0.8-main\node_modules\jest-circus\build\utils.js:231:10)
        at _callCircusTest (D:\Graduation project\Smart-Campus-Assistant-v0.8-main\node_modules\jest-circus\build\run.js:316:40)
        at processTicksAndRejections (node:internal/process/task_queues:105:5)
        at _runTest (D:\Graduation project\Smart-Campus-Assistant-v0.8-main\node_modules\jest-circus\build\run.js:252:3)
        at _runTestsForDescribeBlock (D:\Graduation project\Smart-Campus-Assistant-v0.8-main\node_modules\jest-circus\build\run.js:126:9)
        at _runTestsForDescribeBlock (D:\Graduation project\Smart-Campus-Assistant-v0.8-main\node_modules\jest-circus\build\run.js:121:9)
        at _runTestsForDescribeBlock (D:\Graduation project\Smart-Campus-Assistant-v0.8-main\node_modules\jest-circus\build\run.js:121:9)
        at run (D:\Graduation project\Smart-Campus-Assistant-v0.8-main\node_modules\jest-circus\build\run.js:71:3)
        at runAndTransformResultsToJestFormat (D:\Graduation project\Smart-Campus-Assistant-v0.8-main\node_modules\jest-circus\build\legacy-code-todo-rewrite\jestAdapterInit.js:122:21)
        at jestAdapter (D:\Graduation project\Smart-Campus-Assistant-v0.8-main\node_modules\jest-circus\build\legacy-code-todo-rewrite\jestAdapter.js:79:19)
        at runTestInternal (D:\Graduation project\Smart-Campus-Assistant-v0.8-main\node_modules\jest-runner\build\runTest.js:367:16)
        at runTest (D:\Graduation project\Smart-Campus-Assistant-v0.8-main\node_modules\jest-runner\build\runTest.js:444:34)
        at Object.worker (D:\Graduation project\Smart-Campus-Assistant-v0.8-main\node_modules\jest-runner\build\testWorker.js:106:12)

    [0m [90m  6 |[39m   [36mif[39m (args [33m&&[39m args[33m.[39mlength [33m>[39m [35m0[39m [33m&&[39m [36mtypeof[39m args[[35m0[39m] [33m===[39m [32m'string'[39m [33m&&[39m [35m/(act\(|Warning:)/[39m[33m.[39mtest(args[[35m0[39m])) [36mreturn[39m[33m;[39m
     [90m  7 |[39m   [90m// @ts-ignore - preserve original signature[39m
    [31m[1m>[22m[39m[90m  8 |[39m   origError([33m...[39margs)[33m;[39m
     [90m    |[39m   [31m[1m^[22m[39m
     [90m  9 |[39m }[33m;[39m
     [90m 10 |[39m
     [90m 11 |[39m[0m

      at console.Object.<anonymous>.console.error (tests/jest.setup.ts:8:3)
      at Function.createCourseNotification (src/controllers/notification.controller.ts:512:15)
      at Object.<anonymous> (tests/notification.test.ts:505:36)

  console.error
    Error creating system notification: TypeError: Cannot read properties of undefined (reading 'createSystemNotification')
        at Function.createSystemNotification (D:\Graduation project\Smart-Campus-Assistant-v0.8-main\src\controllers\notification.controller.ts:536:54)
        at Object.<anonymous> (D:\Graduation project\Smart-Campus-Assistant-v0.8-main\tests\notification.test.ts:537:36)
        at Promise.then.completed (D:\Graduation project\Smart-Campus-Assistant-v0.8-main\node_modules\jest-circus\build\utils.js:298:28)
        at new Promise (<anonymous>)
        at callAsyncCircusFn (D:\Graduation project\Smart-Campus-Assistant-v0.8-main\node_modules\jest-circus\build\utils.js:231:10)
        at _callCircusTest (D:\Graduation project\Smart-Campus-Assistant-v0.8-main\node_modules\jest-circus\build\run.js:316:40)
        at processTicksAndRejections (node:internal/process/task_queues:105:5)
        at _runTest (D:\Graduation project\Smart-Campus-Assistant-v0.8-main\node_modules\jest-circus\build\run.js:252:3)
        at _runTestsForDescribeBlock (D:\Graduation project\Smart-Campus-Assistant-v0.8-main\node_modules\jest-circus\build\run.js:126:9)
        at _runTestsForDescribeBlock (D:\Graduation project\Smart-Campus-Assistant-v0.8-main\node_modules\jest-circus\build\run.js:121:9)
        at _runTestsForDescribeBlock (D:\Graduation project\Smart-Campus-Assistant-v0.8-main\node_modules\jest-circus\build\run.js:121:9)
        at run (D:\Graduation project\Smart-Campus-Assistant-v0.8-main\node_modules\jest-circus\build\run.js:71:3)
        at runAndTransformResultsToJestFormat (D:\Graduation project\Smart-Campus-Assistant-v0.8-main\node_modules\jest-circus\build\legacy-code-todo-rewrite\jestAdapterInit.js:122:21)
        at jestAdapter (D:\Graduation project\Smart-Campus-Assistant-v0.8-main\node_modules\jest-circus\build\legacy-code-todo-rewrite\jestAdapter.js:79:19)
        at runTestInternal (D:\Graduation project\Smart-Campus-Assistant-v0.8-main\node_modules\jest-runner\build\runTest.js:367:16)
        at runTest (D:\Graduation project\Smart-Campus-Assistant-v0.8-main\node_modules\jest-runner\build\runTest.js:444:34)
        at Object.worker (D:\Graduation project\Smart-Campus-Assistant-v0.8-main\node_modules\jest-runner\build\testWorker.js:106:12)

    [0m [90m  6 |[39m   [36mif[39m (args [33m&&[39m args[33m.[39mlength [33m>[39m [35m0[39m [33m&&[39m [36mtypeof[39m args[[35m0[39m] [33m===[39m [32m'string'[39m [33m&&[39m [35m/(act\(|Warning:)/[39m[33m.[39mtest(args[[35m0[39m])) [36mreturn[39m[33m;[39m
     [90m  7 |[39m   [90m// @ts-ignore - preserve original signature[39m
    [31m[1m>[22m[39m[90m  8 |[39m   origError([33m...[39margs)[33m;[39m
     [90m    |[39m   [31m[1m^[22m[39m
     [90m  9 |[39m }[33m;[39m
     [90m 10 |[39m
     [90m 11 |[39m[0m

      at console.Object.<anonymous>.console.error (tests/jest.setup.ts:8:3)
      at Function.createSystemNotification (src/controllers/notification.controller.ts:548:15)
      at Object.<anonymous> (tests/notification.test.ts:537:36)

FAIL tests/notification.test.ts
  NotificationController
    getUserNotifications
      脳 should get user notifications successfully (53 ms)
    createNotification
      脳 should create notification successfully (2 ms)
      鈭?should handle missing required fields
    createBulkNotifications
      脳 should create bulk notifications successfully (2 ms)
      鈭?should handle invalid userIds array (1 ms)
    markNotificationAsRead
      脳 should mark notification as read successfully (1 ms)
      脳 should handle notification not found (2 ms)
      鈭?should handle missing notification ID (1 ms)
    markAllNotificationsAsRead
      脳 should mark all notifications as read successfully (1 
ms)
    deleteNotification
      脳 should delete notification successfully (2 ms)
      脳 should handle notification not found (2 ms)
    getUnreadCount
      脳 should get unread count successfully (1 ms)
    getNotificationStats
      脳 should get notification statistics successfully (1 ms)
    getNotificationSettings
      脳 should get notification settings successfully (2 ms)
    updateNotificationSettings
      脳 should update notification settings successfully (4 ms)
    createExamNotification
      脳 should create exam notification successfully (2 ms)
      鈭?should handle missing required exam fields
    createAssignmentNotification
      脳 should create assignment notification successfully (1 
ms)
    createAttendanceNotification
      脳 should create attendance notification successfully (1 
ms)
    createCourseNotification
      脳 should create course notification successfully (1 ms)
    createSystemNotification
      脳 should create system notification successfully (2 ms)

  鈼?NotificationController 鈥?getUserNotifications 鈥?should get 
user notifications successfully

    expect(jest.fn()).toHaveBeenCalledWith(...expected)

    Expected: 200
    Received: 500

    Number of calls: 1

    [0m [90m 53 |[39m       [36mawait[39m [33mNotificatio
nController[39m[33m.[39mgetUserNotifications(mockRequest 
[36mas[39m any[33m,[39m mockResponse [36mas[39m 
[33mResponse[39m)[33m;[39m
     [90m 54 |[39m
    [31m[1m>[22m[39m[90m 55 |[39m       expect(mockRespon
se[33m.[39mstatus)[33m.[39mtoHaveBeenCalledWith([35m200[3
9m)[33m;[39m
     [90m    |[39m                                   
[31m[1m^[22m[39m
     [90m 56 |[39m       expect(mockResponse[33m.[39mjson)
[33m.[39mtoHaveBeenCalledWith({
     [90m 57 |[39m         success[33m:[39m 
[36mtrue[39m[33m,[39m
     [90m 58 |[39m         data[33m:[39m 
mockNotifications[33m,[39m[0m

      at Object.<anonymous> (tests/notification.test.ts:55:35)

  鈼?NotificationController 鈥?createNotification 鈥?should 
create notification successfully

    expect(jest.fn()).toHaveBeenCalledWith(...expected)

    Expected: 201
    Received: 500

    Number of calls: 1

    [0m [90m 90 |[39m       [36mawait[39m [33mNotificatio
nController[39m[33m.[39mcreateNotification(mockRequest 
[36mas[39m any[33m,[39m mockResponse [36mas[39m 
[33mResponse[39m)[33m;[39m
     [90m 91 |[39m
    [31m[1m>[22m[39m[90m 92 |[39m       expect(mockRespon
se[33m.[39mstatus)[33m.[39mtoHaveBeenCalledWith([35m201[3
9m)[33m;[39m
     [90m    |[39m                                   
[31m[1m^[22m[39m
     [90m 93 |[39m       expect(mockResponse[33m.[39mjson)
[33m.[39mtoHaveBeenCalledWith({
     [90m 94 |[39m         success[33m:[39m 
[36mtrue[39m[33m,[39m
     [90m 95 |[39m         message[33m:[39m 
[32m'Notification created successfully'[39m[33m,[39m[0m

      at Object.<anonymous> (tests/notification.test.ts:92:35)

  鈼?NotificationController 鈥?createBulkNotifications 鈥?should 
create bulk notifications successfully

    expect(jest.fn()).toHaveBeenCalledWith(...expected)

    Expected: 201
    Received: 500

    Number of calls: 1

    [0m [90m 139 |[39m       [36mawait[39m [33mNotificati
onController[39m[33m.[39mcreateBulkNotifications(mockRequest
 [36mas[39m any[33m,[39m mockResponse [36mas[39m 
[33mResponse[39m)[33m;[39m
     [90m 140 |[39m
    [31m[1m>[22m[39m[90m 141 |[39m       expect(mockRespo
nse[33m.[39mstatus)[33m.[39mtoHaveBeenCalledWith([35m201[
39m)[33m;[39m
     [90m     |[39m                                   
[31m[1m^[22m[39m
     [90m 142 |[39m       expect(mockResponse[33m.[39mjson)
[33m.[39mtoHaveBeenCalledWith({
     [90m 143 |[39m         success[33m:[39m 
[36mtrue[39m[33m,[39m
     [90m 144 |[39m         message[33m:[39m [32m'3 
notifications created successfully'[39m[33m,[39m[0m

      at Object.<anonymous> (tests/notification.test.ts:141:35)

  鈼?NotificationController 鈥?markNotificationAsRead 鈥?should 
mark notification as read successfully

    expect(jest.fn()).toHaveBeenCalledWith(...expected)

    Expected: 1, "1"

    Number of calls: 0

    [0m [90m 176 |[39m       [36mawait[39m [33mNotificati
onController[39m[33m.[39mmarkNotificationAsRead(mockRequest 
[36mas[39m any[33m,[39m mockResponse [36mas[39m 
[33mResponse[39m)[33m;[39m
     [90m 177 |[39m
    [31m[1m>[22m[39m[90m 178 |[39m       expect([33mMock
edNotificationService[39m[33m.[39mprototype[33m.[39mmarkNo
tificationAsRead)[33m.[39mtoHaveBeenCalledWith([35m1[39m[3
3m,[39m [32m'1'[39m)[33m;[39m
     [90m     |[39m                                          
                                [31m[1m^[22m[39m
     [90m 179 |[39m       expect(mockResponse[33m.[39mstatu
s)[33m.[39mtoHaveBeenCalledWith([35m200[39m)[33m;[39m
     [90m 180 |[39m       expect(mockResponse[33m.[39mjson)
[33m.[39mtoHaveBeenCalledWith({
     [90m 181 |[39m         success[33m:[39m 
[36mtrue[39m[33m,[39m[0m

      at Object.<anonymous> (tests/notification.test.ts:178:74)

  鈼?NotificationController 鈥?markNotificationAsRead 鈥?should 
handle notification not found

    expect(jest.fn()).toHaveBeenCalledWith(...expected)

    Expected: 404
    Received: 500

    Number of calls: 1

    [0m [90m 191 |[39m       [36mawait[39m [33mNotificati
onController[39m[33m.[39mmarkNotificationAsRead(mockRequest 
[36mas[39m any[33m,[39m mockResponse [36mas[39m 
[33mResponse[39m)[33m;[39m
     [90m 192 |[39m
    [31m[1m>[22m[39m[90m 193 |[39m       expect(mockRespo
nse[33m.[39mstatus)[33m.[39mtoHaveBeenCalledWith([35m404[
39m)[33m;[39m
     [90m     |[39m                                   
[31m[1m^[22m[39m
     [90m 194 |[39m       expect(mockResponse[33m.[39mjson)
[33m.[39mtoHaveBeenCalledWith({
     [90m 195 |[39m         success[33m:[39m 
[36mfalse[39m[33m,[39m
     [90m 196 |[39m         message[33m:[39m 
[32m'Notification not found'[39m[0m

      at Object.<anonymous> (tests/notification.test.ts:193:35)

  鈼?NotificationController 鈥?markAllNotificationsAsRead 
鈥?should mark all notifications as read successfully

    expect(jest.fn()).toHaveBeenCalledWith(...expected)

    Expected: "1"

    Number of calls: 0

    [0m [90m 219 |[39m       [36mawait[39m [33mNotificati
onController[39m[33m.[39mmarkAllNotificationsAsRead(mockRequ
est [36mas[39m any[33m,[39m mockResponse [36mas[39m 
[33mResponse[39m)[33m;[39m
     [90m 220 |[39m
    [31m[1m>[22m[39m[90m 221 |[39m       expect([33mMock
edNotificationService[39m[33m.[39mprototype[33m.[39mmarkAl
lNotificationsAsRead)[33m.[39mtoHaveBeenCalledWith([32m'1'[
39m)[33m;[39m
     [90m     |[39m                                          
                                    [31m[1m^[22m[39m
     [90m 222 |[39m       expect(mockResponse[33m.[39mstatu
s)[33m.[39mtoHaveBeenCalledWith([35m200[39m)[33m;[39m
     [90m 223 |[39m       expect(mockResponse[33m.[39mjson)
[33m.[39mtoHaveBeenCalledWith({
     [90m 224 |[39m         success[33m:[39m 
[36mtrue[39m[33m,[39m[0m

      at Object.<anonymous> (tests/notification.test.ts:221:78)

  鈼?NotificationController 鈥?deleteNotification 鈥?should 
delete notification successfully

    expect(jest.fn()).toHaveBeenCalledWith(...expected)

    Expected: 1, "1"

    Number of calls: 0

    [0m [90m 237 |[39m       [36mawait[39m [33mNotificati
onController[39m[33m.[39mdeleteNotification(mockRequest 
[36mas[39m any[33m,[39m mockResponse [36mas[39m 
[33mResponse[39m)[33m;[39m
     [90m 238 |[39m
    [31m[1m>[22m[39m[90m 239 |[39m       expect([33mMock
edNotificationService[39m[33m.[39mprototype[33m.[39mdelete
Notification)[33m.[39mtoHaveBeenCalledWith([35m1[39m[33m,
[39m [32m'1'[39m)[33m;[39m
     [90m     |[39m                                          
                            [31m[1m^[22m[39m
     [90m 240 |[39m       expect(mockResponse[33m.[39mstatu
s)[33m.[39mtoHaveBeenCalledWith([35m200[39m)[33m;[39m
     [90m 241 |[39m       expect(mockResponse[33m.[39mjson)
[33m.[39mtoHaveBeenCalledWith({
     [90m 242 |[39m         success[33m:[39m 
[36mtrue[39m[33m,[39m[0m

      at Object.<anonymous> (tests/notification.test.ts:239:70)

  鈼?NotificationController 鈥?deleteNotification 鈥?should 
handle notification not found

    expect(jest.fn()).toHaveBeenCalledWith(...expected)

    Expected: 404
    Received: 500

    Number of calls: 1

    [0m [90m 252 |[39m       [36mawait[39m [33mNotificati
onController[39m[33m.[39mdeleteNotification(mockRequest 
[36mas[39m any[33m,[39m mockResponse [36mas[39m 
[33mResponse[39m)[33m;[39m
     [90m 253 |[39m
    [31m[1m>[22m[39m[90m 254 |[39m       expect(mockRespo
nse[33m.[39mstatus)[33m.[39mtoHaveBeenCalledWith([35m404[
39m)[33m;[39m
     [90m     |[39m                                   
[31m[1m^[22m[39m
     [90m 255 |[39m       expect(mockResponse[33m.[39mjson)
[33m.[39mtoHaveBeenCalledWith({
     [90m 256 |[39m         success[33m:[39m 
[36mfalse[39m[33m,[39m
     [90m 257 |[39m         message[33m:[39m 
[32m'Notification not found'[39m[0m

      at Object.<anonymous> (tests/notification.test.ts:254:35)

  鈼?NotificationController 鈥?getUnreadCount 鈥?should get 
unread count successfully

    expect(jest.fn()).toHaveBeenCalledWith(...expected)

    Expected: "1"

    Number of calls: 0

    [0m [90m 267 |[39m       [36mawait[39m [33mNotificati
onController[39m[33m.[39mgetUnreadCount(mockRequest 
[36mas[39m any[33m,[39m mockResponse [36mas[39m 
[33mResponse[39m)[33m;[39m
     [90m 268 |[39m
    [31m[1m>[22m[39m[90m 269 |[39m       expect([33mMock
edNotificationService[39m[33m.[39mprototype[33m.[39mgetUnr
eadCount)[33m.[39mtoHaveBeenCalledWith([32m'1'[39m)[33m;[
39m
     [90m     |[39m                                          
                        [31m[1m^[22m[39m
     [90m 270 |[39m       expect(mockResponse[33m.[39mstatu
s)[33m.[39mtoHaveBeenCalledWith([35m200[39m)[33m;[39m
     [90m 271 |[39m       expect(mockResponse[33m.[39mjson)
[33m.[39mtoHaveBeenCalledWith({
     [90m 272 |[39m         success[33m:[39m 
[36mtrue[39m[33m,[39m[0m

      at Object.<anonymous> (tests/notification.test.ts:269:66)

  鈼?NotificationController 鈥?getNotificationStats 鈥?should get 
notification statistics successfully

    expect(jest.fn()).toHaveBeenCalledWith(...expected)

    Expected: "1"

    Number of calls: 0

    [0m [90m 295 |[39m       [36mawait[39m [33mNotificati
onController[39m[33m.[39mgetNotificationStats(mockRequest 
[36mas[39m any[33m,[39m mockResponse [36mas[39m 
[33mResponse[39m)[33m;[39m
     [90m 296 |[39m
    [31m[1m>[22m[39m[90m 297 |[39m       expect([33mMock
edNotificationService[39m[33m.[39mprototype[33m.[39mgetNot
ificationStats)[33m.[39mtoHaveBeenCalledWith([32m'1'[39m)[
33m;[39m
     [90m     |[39m                                          
                              [31m[1m^[22m[39m
     [90m 298 |[39m       expect(mockResponse[33m.[39mstatu
s)[33m.[39mtoHaveBeenCalledWith([35m200[39m)[33m;[39m
     [90m 299 |[39m       expect(mockResponse[33m.[39mjson)
[33m.[39mtoHaveBeenCalledWith({
     [90m 300 |[39m         success[33m:[39m 
[36mtrue[39m[33m,[39m[0m

      at Object.<anonymous> (tests/notification.test.ts:297:72)

  鈼?NotificationController 鈥?getNotificationSettings 鈥?should 
get notification settings successfully

    expect(jest.fn()).toHaveBeenCalledWith(...expected)

    Expected: "1"

    Number of calls: 0

    [0m [90m 319 |[39m       [36mawait[39m [33mNotificati
onController[39m[33m.[39mgetNotificationSettings(mockRequest
 [36mas[39m any[33m,[39m mockResponse [36mas[39m 
[33mResponse[39m)[33m;[39m
     [90m 320 |[39m
    [31m[1m>[22m[39m[90m 321 |[39m       expect([33mMock
edNotificationService[39m[33m.[39mprototype[33m.[39mgetNot
ificationSettings)[33m.[39mtoHaveBeenCalledWith([32m'1'[39m
)[33m;[39m
     [90m     |[39m                                          
                                 [31m[1m^[22m[39m
     [90m 322 |[39m       expect(mockResponse[33m.[39mstatu
s)[33m.[39mtoHaveBeenCalledWith([35m200[39m)[33m;[39m
     [90m 323 |[39m       expect(mockResponse[33m.[39mjson)
[33m.[39mtoHaveBeenCalledWith({
     [90m 324 |[39m         success[33m:[39m 
[36mtrue[39m[33m,[39m[0m

      at Object.<anonymous> (tests/notification.test.ts:321:75)

  鈼?NotificationController 鈥?updateNotificationSettings 
鈥?should update notification settings successfully

    expect(jest.fn()).toHaveBeenCalledWith(...expected)

    Expected: "1", {"assignmentReminders": true, 
"emailNotifications": false, "pushNotifications": true}

    Number of calls: 0

    [0m [90m 350 |[39m       [36mawait[39m [33mNotificati
onController[39m[33m.[39mupdateNotificationSettings(mockRequ
est [36mas[39m any[33m,[39m mockResponse [36mas[39m 
[33mResponse[39m)[33m;[39m
     [90m 351 |[39m
    [31m[1m>[22m[39m[90m 352 |[39m       expect([33mMock
edNotificationService[39m[33m.[39mprototype[33m.[39mupdate
NotificationSettings)[33m.[39mtoHaveBeenCalledWith([32m'1'[
39m[33m,[39m settingsData)[33m;[39m
     [90m     |[39m                                          
                                    [31m[1m^[22m[39m
     [90m 353 |[39m       expect(mockResponse[33m.[39mstatu
s)[33m.[39mtoHaveBeenCalledWith([35m200[39m)[33m;[39m
     [90m 354 |[39m       expect(mockResponse[33m.[39mjson)
[33m.[39mtoHaveBeenCalledWith({
     [90m 355 |[39m         success[33m:[39m 
[36mtrue[39m[33m,[39m[0m

      at Object.<anonymous> (tests/notification.test.ts:352:78)

  鈼?NotificationController 鈥?createExamNotification 鈥?should 
create exam notification successfully

    expect(jest.fn()).toHaveBeenCalledWith(...expected)

    Expected: 1, {"courseName": "CS101", "examDate": 
"2024-01-15", "examTime": "10:00 AM", "examTitle": "Midterm 
Exam", "location": "Room 101", "sendEmail": true, "userId": 
1}, true

    Number of calls: 0

    [0m [90m 386 |[39m       [36mawait[39m [33mNotificati
onController[39m[33m.[39mcreateExamNotification(mockRequest 
[36mas[39m any[33m,[39m mockResponse [36mas[39m 
[33mResponse[39m)[33m;[39m
     [90m 387 |[39m
    [31m[1m>[22m[39m[90m 388 |[39m       expect([33mMock
edNotificationService[39m[33m.[39mprototype[33m.[39mcreate
ExamNotification)[33m.[39mtoHaveBeenCalledWith([35m1[39m[3
3m,[39m examData[33m,[39m [36mtrue[39m)[33m;[39m
     [90m     |[39m                                          
                                [31m[1m^[22m[39m
     [90m 389 |[39m       expect(mockResponse[33m.[39mstatu
s)[33m.[39mtoHaveBeenCalledWith([35m201[39m)[33m;[39m
     [90m 390 |[39m       expect(mockResponse[33m.[39mjson)
[33m.[39mtoHaveBeenCalledWith({
     [90m 391 |[39m         success[33m:[39m 
[36mtrue[39m[33m,[39m[0m

      at Object.<anonymous> (tests/notification.test.ts:388:74)

  鈼?NotificationController 鈥?createAssignmentNotification 
鈥?should create assignment notification successfully

    expect(jest.fn()).toHaveBeenCalledWith(...expected)

    Expected: 1, {"assignmentTitle": "Homework 1", 
"courseName": "CS101", "dueDate": "2024-01-10", "sendEmail": 
true, "userId": 1}, true

    Number of calls: 0

    [0m [90m 438 |[39m       [36mawait[39m [33mNotificati
onController[39m[33m.[39mcreateAssignmentNotification(mockRe
quest [36mas[39m any[33m,[39m mockResponse [36mas[39m 
[33mResponse[39m)[33m;[39m
     [90m 439 |[39m
    [31m[1m>[22m[39m[90m 440 |[39m       expect([33mMock
edNotificationService[39m[33m.[39mprototype[33m.[39mcreate
AssignmentNotification)[33m.[39mtoHaveBeenCalledWith([35m1[
39m[33m,[39m assignmentData[33m,[39m 
[36mtrue[39m)[33m;[39m
     [90m     |[39m                                          
                                      [31m[1m^[22m[39m
     [90m 441 |[39m       expect(mockResponse[33m.[39mstatu
s)[33m.[39mtoHaveBeenCalledWith([35m201[39m)[33m;[39m
     [90m 442 |[39m       expect(mockResponse[33m.[39mjson)
[33m.[39mtoHaveBeenCalledWith({
     [90m 443 |[39m         success[33m:[39m 
[36mtrue[39m[33m,[39m[0m

      at Object.<anonymous> (tests/notification.test.ts:440:80)

  鈼?NotificationController 鈥?createAttendanceNotification 
鈥?should create attendance notification successfully

    expect(jest.fn()).toHaveBeenCalledWith(...expected)

    Expected: 1, {"attendanceRate": 85.5, "courseName": 
"CS101", "message": "Your attendance rate is below 90%", 
"sendEmail": false, "userId": 1}, false

    Number of calls: 0

    [0m [90m 472 |[39m       [36mawait[39m [33mNotificati
onController[39m[33m.[39mcreateAttendanceNotification(mockRe
quest [36mas[39m any[33m,[39m mockResponse [36mas[39m 
[33mResponse[39m)[33m;[39m
     [90m 473 |[39m
    [31m[1m>[22m[39m[90m 474 |[39m       expect([33mMock
edNotificationService[39m[33m.[39mprototype[33m.[39mcreate
AttendanceNotification)[33m.[39mtoHaveBeenCalledWith([35m1[
39m[33m,[39m attendanceData[33m,[39m 
[36mfalse[39m)[33m;[39m
     [90m     |[39m                                          
                                      [31m[1m^[22m[39m
     [90m 475 |[39m       expect(mockResponse[33m.[39mstatu
s)[33m.[39mtoHaveBeenCalledWith([35m201[39m)[33m;[39m
     [90m 476 |[39m       expect(mockResponse[33m.[39mjson)
[33m.[39mtoHaveBeenCalledWith({
     [90m 477 |[39m         success[33m:[39m 
[36mtrue[39m[33m,[39m[0m

      at Object.<anonymous> (tests/notification.test.ts:474:80)

  鈼?NotificationController 鈥?createCourseNotification 鈥?should 
create course notification successfully

    expect(jest.fn()).toHaveBeenCalledWith(...expected)

    Expected: 1, {"courseName": "CS101", 
"notificationMessage": "Class is cancelled tomorrow", 
"sendEmail": true, "userId": 1}, true

    Number of calls: 0

    [0m [90m 505 |[39m       [36mawait[39m [33mNotificati
onController[39m[33m.[39mcreateCourseNotification(mockReques
t [36mas[39m any[33m,[39m mockResponse [36mas[39m 
[33mResponse[39m)[33m;[39m
     [90m 506 |[39m
    [31m[1m>[22m[39m[90m 507 |[39m       expect([33mMock
edNotificationService[39m[33m.[39mprototype[33m.[39mcreate
CourseNotification)[33m.[39mtoHaveBeenCalledWith([35m1[39m
[33m,[39m courseData[33m,[39m [36mtrue[39m)[33m;[39m
     [90m     |[39m                                          
                                  [31m[1m^[22m[39m
     [90m 508 |[39m       expect(mockResponse[33m.[39mstatu
s)[33m.[39mtoHaveBeenCalledWith([35m201[39m)[33m;[39m
     [90m 509 |[39m       expect(mockResponse[33m.[39mjson)
[33m.[39mtoHaveBeenCalledWith({
     [90m 510 |[39m         success[33m:[39m 
[36mtrue[39m[33m,[39m[0m

      at Object.<anonymous> (tests/notification.test.ts:507:76)

  鈼?NotificationController 鈥?createSystemNotification 鈥?should 
create system notification successfully

    expect(jest.fn()).toHaveBeenCalledWith(...expected)

    Expected: 1, {"sendEmail": true, "systemMessage": "System 
maintenance scheduled for tonight", "userId": 1}, true

    Number of calls: 0

    [0m [90m 537 |[39m       [36mawait[39m [33mNotificati
onController[39m[33m.[39mcreateSystemNotification(mockReques
t [36mas[39m any[33m,[39m mockResponse [36mas[39m 
[33mResponse[39m)[33m;[39m
     [90m 538 |[39m
    [31m[1m>[22m[39m[90m 539 |[39m       expect([33mMock
edNotificationService[39m[33m.[39mprototype[33m.[39mcreate
SystemNotification)[33m.[39mtoHaveBeenCalledWith([35m1[39m
[33m,[39m systemData[33m,[39m [36mtrue[39m)[33m;[39m
     [90m     |[39m                                          
                                  [31m[1m^[22m[39m
     [90m 540 |[39m       expect(mockResponse[33m.[39mstatu
s)[33m.[39mtoHaveBeenCalledWith([35m201[39m)[33m;[39m
     [90m 541 |[39m       expect(mockResponse[33m.[39mjson)
[33m.[39mtoHaveBeenCalledWith({
     [90m 542 |[39m         success[33m:[39m 
[36mtrue[39m[33m,[39m[0m

      at Object.<anonymous> (tests/notification.test.ts:539:76)

ts-jest[ts-jest-transformer] (WARN) Define `ts-jest` config 
under `globals` is deprecated. Please do
transform: {
    <transform_regex>: ['ts-jest', { /* ts-jest config goes 
here in Jest */ }],
},
See more at https://kulshekhar.github.io/ts-jest/docs/getting-s
tarted/presets#advanced
ts-jest[config] (WARN) 
    The "ts-jest" config option "isolatedModules" is 
deprecated and will be removed in v30.0.0. Please use 
"isolatedModules: true" in D:/Graduation 
project/Smart-Campus-Assistant-v0.8-main/tsconfig.app.json 
instead, see 
https://www.typescriptlang.org/tsconfig/#isolatedModules
  
D:\Graduation 
project\Smart-Campus-Assistant-v0.8-main\tests\auth.test.ts:66
            const error = new Error('Email already exists');
                          ^

Error: Email already exists
    at Object.<anonymous> (D:\Graduation project\Smart-Campus-A
ssistant-v0.8-main\tests\auth.test.ts:72:21)
    at Promise.then.completed (D:\Graduation project\Smart-Camp
us-Assistant-v0.8-main\node_modules\jest-circus\build\utils.js:
298:28)
    at new Promise (<anonymous>)
    at callAsyncCircusFn (D:\Graduation project\Smart-Campus-As
sistant-v0.8-main\node_modules\jest-circus\build\utils.js:231:1
0)
    at _callCircusTest (D:\Graduation project\Smart-Campus-Assi
stant-v0.8-main\node_modules\jest-circus\build\run.js:316:40)
    at processTicksAndRejections 
(node:internal/process/task_queues:105:5)
    at _runTest (D:\Graduation project\Smart-Campus-Assistant-v
0.8-main\node_modules\jest-circus\build\run.js:252:3)
    at _runTestsForDescribeBlock (D:\Graduation project\Smart-C
ampus-Assistant-v0.8-main\node_modules\jest-circus\build\run.js
:126:9)
    at _runTestsForDescribeBlock (D:\Graduation project\Smart-C
ampus-Assistant-v0.8-main\node_modules\jest-circus\build\run.js
:121:9)
    at _runTestsForDescribeBlock (D:\Graduation project\Smart-C
ampus-Assistant-v0.8-main\node_modules\jest-circus\build\run.js
:121:9)
    at run (D:\Graduation project\Smart-Campus-Assistant-v0.8-m
ain\node_modules\jest-circus\build\run.js:71:3)
    at runAndTransformResultsToJestFormat (D:\Graduation projec
t\Smart-Campus-Assistant-v0.8-main\node_modules\jest-circus\bui
ld\legacy-code-todo-rewrite\jestAdapterInit.js:122:21)
    at jestAdapter (D:\Graduation project\Smart-Campus-Assistan
t-v0.8-main\node_modules\jest-circus\build\legacy-code-todo-rew
rite\jestAdapter.js:79:19)
    at runTestInternal (D:\Graduation project\Smart-Campus-Assi
stant-v0.8-main\node_modules\jest-runner\build\runTest.js:367:1
6)
    at runTest (D:\Graduation project\Smart-Campus-Assistant-v0
.8-main\node_modules\jest-runner\build\runTest.js:444:34)
    at Object.worker (D:\Graduation project\Smart-Campus-Assist
ant-v0.8-main\node_modules\jest-runner\build\testWorker.js:106:
12)

Node.js v22.18.0
ts-jest[ts-jest-transformer] (WARN) Define `ts-jest` config 
under `globals` is deprecated. Please do
transform: {
    <transform_regex>: ['ts-jest', { /* ts-jest config goes 
here in Jest */ }],
},
See more at https://kulshekhar.github.io/ts-jest/docs/getting-s
tarted/presets#advanced
ts-jest[config] (WARN) 
    The "ts-jest" config option "isolatedModules" is 
deprecated and will be removed in v30.0.0. Please use 
"isolatedModules: true" in D:/Graduation 
project/Smart-Campus-Assistant-v0.8-main/tsconfig.app.json 
instead, see 
https://www.typescriptlang.org/tsconfig/#isolatedModules
  
D:\Graduation 
project\Smart-Campus-Assistant-v0.8-main\tests\auth.test.ts:66
            const error = new Error('Email already exists');
                          ^

Error: Email already exists
    at Object.<anonymous> (D:\Graduation project\Smart-Campus-A
ssistant-v0.8-main\tests\auth.test.ts:72:21)
    at Promise.then.completed (D:\Graduation project\Smart-Camp
us-Assistant-v0.8-main\node_modules\jest-circus\build\utils.js:
298:28)
    at new Promise (<anonymous>)
    at callAsyncCircusFn (D:\Graduation project\Smart-Campus-As
sistant-v0.8-main\node_modules\jest-circus\build\utils.js:231:1
0)
    at _callCircusTest (D:\Graduation project\Smart-Campus-Assi
stant-v0.8-main\node_modules\jest-circus\build\run.js:316:40)
    at processTicksAndRejections 
(node:internal/process/task_queues:105:5)
    at _runTest (D:\Graduation project\Smart-Campus-Assistant-v
0.8-main\node_modules\jest-circus\build\run.js:252:3)
    at _runTestsForDescribeBlock (D:\Graduation project\Smart-C
ampus-Assistant-v0.8-main\node_modules\jest-circus\build\run.js
:126:9)
    at _runTestsForDescribeBlock (D:\Graduation project\Smart-C
ampus-Assistant-v0.8-main\node_modules\jest-circus\build\run.js
:121:9)
    at _runTestsForDescribeBlock (D:\Graduation project\Smart-C
ampus-Assistant-v0.8-main\node_modules\jest-circus\build\run.js
:121:9)
    at run (D:\Graduation project\Smart-Campus-Assistant-v0.8-m
ain\node_modules\jest-circus\build\run.js:71:3)
    at runAndTransformResultsToJestFormat (D:\Graduation projec
t\Smart-Campus-Assistant-v0.8-main\node_modules\jest-circus\bui
ld\legacy-code-todo-rewrite\jestAdapterInit.js:122:21)
    at jestAdapter (D:\Graduation project\Smart-Campus-Assistan
t-v0.8-main\node_modules\jest-circus\build\legacy-code-todo-rew
rite\jestAdapter.js:79:19)
    at runTestInternal (D:\Graduation project\Smart-Campus-Assi
stant-v0.8-main\node_modules\jest-runner\build\runTest.js:367:1
6)
    at runTest (D:\Graduation project\Smart-Campus-Assistant-v0
.8-main\node_modules\jest-runner\build\runTest.js:444:34)
    at Object.worker (D:\Graduation project\Smart-Campus-Assist
ant-v0.8-main\node_modules\jest-runner\build\testWorker.js:106:
12)

Node.js v22.18.0
ts-jest[ts-jest-transformer] (WARN) Define `ts-jest` config 
under `globals` is deprecated. Please do
transform: {
    <transform_regex>: ['ts-jest', { /* ts-jest config goes 
here in Jest */ }],
},
See more at https://kulshekhar.github.io/ts-jest/docs/getting-s
tarted/presets#advanced
ts-jest[config] (WARN) 
    The "ts-jest" config option "isolatedModules" is 
deprecated and will be removed in v30.0.0. Please use 
"isolatedModules: true" in D:/Graduation 
project/Smart-Campus-Assistant-v0.8-main/tsconfig.app.json 
instead, see 
https://www.typescriptlang.org/tsconfig/#isolatedModules
  
D:\Graduation 
project\Smart-Campus-Assistant-v0.8-main\tests\auth.test.ts:66
            const error = new Error('Email already exists');
                          ^

Error: Email already exists
    at Object.<anonymous> (D:\Graduation project\Smart-Campus-A
ssistant-v0.8-main\tests\auth.test.ts:72:21)
    at Promise.then.completed (D:\Graduation project\Smart-Camp
us-Assistant-v0.8-main\node_modules\jest-circus\build\utils.js:
298:28)
    at new Promise (<anonymous>)
    at callAsyncCircusFn (D:\Graduation project\Smart-Campus-As
sistant-v0.8-main\node_modules\jest-circus\build\utils.js:231:1
0)
    at _callCircusTest (D:\Graduation project\Smart-Campus-Assi
stant-v0.8-main\node_modules\jest-circus\build\run.js:316:40)
    at processTicksAndRejections 
(node:internal/process/task_queues:105:5)
    at _runTest (D:\Graduation project\Smart-Campus-Assistant-v
0.8-main\node_modules\jest-circus\build\run.js:252:3)
    at _runTestsForDescribeBlock (D:\Graduation project\Smart-C
ampus-Assistant-v0.8-main\node_modules\jest-circus\build\run.js
:126:9)
    at _runTestsForDescribeBlock (D:\Graduation project\Smart-C
ampus-Assistant-v0.8-main\node_modules\jest-circus\build\run.js
:121:9)
    at _runTestsForDescribeBlock (D:\Graduation project\Smart-C
ampus-Assistant-v0.8-main\node_modules\jest-circus\build\run.js
:121:9)
    at run (D:\Graduation project\Smart-Campus-Assistant-v0.8-m
ain\node_modules\jest-circus\build\run.js:71:3)
    at runAndTransformResultsToJestFormat (D:\Graduation projec
t\Smart-Campus-Assistant-v0.8-main\node_modules\jest-circus\bui
ld\legacy-code-todo-rewrite\jestAdapterInit.js:122:21)
    at jestAdapter (D:\Graduation project\Smart-Campus-Assistan
t-v0.8-main\node_modules\jest-circus\build\legacy-code-todo-rew
rite\jestAdapter.js:79:19)
    at runTestInternal (D:\Graduation project\Smart-Campus-Assi
stant-v0.8-main\node_modules\jest-runner\build\runTest.js:367:1
6)
    at runTest (D:\Graduation project\Smart-Campus-Assistant-v0
.8-main\node_modules\jest-runner\build\runTest.js:444:34)
    at Object.worker (D:\Graduation project\Smart-Campus-Assist
ant-v0.8-main\node_modules\jest-runner\build\testWorker.js:106:
12)

Node.js v22.18.0
FAIL tests/auth.test.ts
  鈼?Test suite failed to run

    Jest worker encountered 4 child process exceptions, 
exceeding retry limit

      at ChildProcessWorker.initialize (node_modules/jest-worke
r/build/workers/ChildProcessWorker.js:181:21)

Test Suites: 10 failed, 2 passed, 12 total
Tests:       21 failed, 45 passed, 66 total
Snapshots:   0 total
Time:        5.486 s
Ran all test suites.
